Archive member included to satisfy reference by file (symbol)

C:/ST/STM32CubeIDE_1.18.0/STM32CubeIDE/plugins/com.st.stm32cube.ide.mcu.externaltools.gnu-tools-for-stm32.13.3.rel1.win32_1.0.0.202411081344/tools/bin/../lib/gcc/arm-none-eabi/13.3.1/../../../../arm-none-eabi/lib/thumb/v7e-m+dp/hard\libc_nano.a(libc_a-exit.o)
                              C:/ST/STM32CubeIDE_1.18.0/STM32CubeIDE/plugins/com.st.stm32cube.ide.mcu.externaltools.gnu-tools-for-stm32.13.3.rel1.win32_1.0.0.202411081344/tools/bin/../lib/gcc/arm-none-eabi/13.3.1/../../../../arm-none-eabi/lib/thumb/v7e-m+dp/hard/crt0.o (exit)
C:/ST/STM32CubeIDE_1.18.0/STM32CubeIDE/plugins/com.st.stm32cube.ide.mcu.externaltools.gnu-tools-for-stm32.13.3.rel1.win32_1.0.0.202411081344/tools/bin/../lib/gcc/arm-none-eabi/13.3.1/../../../../arm-none-eabi/lib/thumb/v7e-m+dp/hard\libc_nano.a(libc_a-malloc.o)
                              ./Drivers/XBEE_Driver/Src/XBEE.o (malloc)
C:/ST/STM32CubeIDE_1.18.0/STM32CubeIDE/plugins/com.st.stm32cube.ide.mcu.externaltools.gnu-tools-for-stm32.13.3.rel1.win32_1.0.0.202411081344/tools/bin/../lib/gcc/arm-none-eabi/13.3.1/../../../../arm-none-eabi/lib/thumb/v7e-m+dp/hard\libc_nano.a(libc_a-mallocr.o)
                              C:/ST/STM32CubeIDE_1.18.0/STM32CubeIDE/plugins/com.st.stm32cube.ide.mcu.externaltools.gnu-tools-for-stm32.13.3.rel1.win32_1.0.0.202411081344/tools/bin/../lib/gcc/arm-none-eabi/13.3.1/../../../../arm-none-eabi/lib/thumb/v7e-m+dp/hard\libc_nano.a(libc_a-malloc.o) (_malloc_r)
C:/ST/STM32CubeIDE_1.18.0/STM32CubeIDE/plugins/com.st.stm32cube.ide.mcu.externaltools.gnu-tools-for-stm32.13.3.rel1.win32_1.0.0.202411081344/tools/bin/../lib/gcc/arm-none-eabi/13.3.1/../../../../arm-none-eabi/lib/thumb/v7e-m+dp/hard\libc_nano.a(libc_a-mlock.o)
                              C:/ST/STM32CubeIDE_1.18.0/STM32CubeIDE/plugins/com.st.stm32cube.ide.mcu.externaltools.gnu-tools-for-stm32.13.3.rel1.win32_1.0.0.202411081344/tools/bin/../lib/gcc/arm-none-eabi/13.3.1/../../../../arm-none-eabi/lib/thumb/v7e-m+dp/hard\libc_nano.a(libc_a-mallocr.o) (__malloc_lock)
C:/ST/STM32CubeIDE_1.18.0/STM32CubeIDE/plugins/com.st.stm32cube.ide.mcu.externaltools.gnu-tools-for-stm32.13.3.rel1.win32_1.0.0.202411081344/tools/bin/../lib/gcc/arm-none-eabi/13.3.1/../../../../arm-none-eabi/lib/thumb/v7e-m+dp/hard\libc_nano.a(libc_a-nano-vfprintf_float.o)
                              (_printf_float)
C:/ST/STM32CubeIDE_1.18.0/STM32CubeIDE/plugins/com.st.stm32cube.ide.mcu.externaltools.gnu-tools-for-stm32.13.3.rel1.win32_1.0.0.202411081344/tools/bin/../lib/gcc/arm-none-eabi/13.3.1/../../../../arm-none-eabi/lib/thumb/v7e-m+dp/hard\libc_nano.a(libc_a-nano-vfprintf_i.o)
                              C:/ST/STM32CubeIDE_1.18.0/STM32CubeIDE/plugins/com.st.stm32cube.ide.mcu.externaltools.gnu-tools-for-stm32.13.3.rel1.win32_1.0.0.202411081344/tools/bin/../lib/gcc/arm-none-eabi/13.3.1/../../../../arm-none-eabi/lib/thumb/v7e-m+dp/hard\libc_nano.a(libc_a-nano-vfprintf_float.o) (_printf_common)
C:/ST/STM32CubeIDE_1.18.0/STM32CubeIDE/plugins/com.st.stm32cube.ide.mcu.externaltools.gnu-tools-for-stm32.13.3.rel1.win32_1.0.0.202411081344/tools/bin/../lib/gcc/arm-none-eabi/13.3.1/../../../../arm-none-eabi/lib/thumb/v7e-m+dp/hard\libc_nano.a(libc_a-findfp.o)
                              C:/ST/STM32CubeIDE_1.18.0/STM32CubeIDE/plugins/com.st.stm32cube.ide.mcu.externaltools.gnu-tools-for-stm32.13.3.rel1.win32_1.0.0.202411081344/tools/bin/../lib/gcc/arm-none-eabi/13.3.1/../../../../arm-none-eabi/lib/thumb/v7e-m+dp/hard\libc_nano.a(libc_a-exit.o) (__stdio_exit_handler)
C:/ST/STM32CubeIDE_1.18.0/STM32CubeIDE/plugins/com.st.stm32cube.ide.mcu.externaltools.gnu-tools-for-stm32.13.3.rel1.win32_1.0.0.202411081344/tools/bin/../lib/gcc/arm-none-eabi/13.3.1/../../../../arm-none-eabi/lib/thumb/v7e-m+dp/hard\libc_nano.a(libc_a-fwalk.o)
                              C:/ST/STM32CubeIDE_1.18.0/STM32CubeIDE/plugins/com.st.stm32cube.ide.mcu.externaltools.gnu-tools-for-stm32.13.3.rel1.win32_1.0.0.202411081344/tools/bin/../lib/gcc/arm-none-eabi/13.3.1/../../../../arm-none-eabi/lib/thumb/v7e-m+dp/hard\libc_nano.a(libc_a-findfp.o) (_fwalk_sglue)
C:/ST/STM32CubeIDE_1.18.0/STM32CubeIDE/plugins/com.st.stm32cube.ide.mcu.externaltools.gnu-tools-for-stm32.13.3.rel1.win32_1.0.0.202411081344/tools/bin/../lib/gcc/arm-none-eabi/13.3.1/../../../../arm-none-eabi/lib/thumb/v7e-m+dp/hard\libc_nano.a(libc_a-sprintf.o)
                              ./Core/Src/main.o (sprintf)
C:/ST/STM32CubeIDE_1.18.0/STM32CubeIDE/plugins/com.st.stm32cube.ide.mcu.externaltools.gnu-tools-for-stm32.13.3.rel1.win32_1.0.0.202411081344/tools/bin/../lib/gcc/arm-none-eabi/13.3.1/../../../../arm-none-eabi/lib/thumb/v7e-m+dp/hard\libc_nano.a(libc_a-stdio.o)
[...]
Memory Configuration

Name             Origin             Length             Attributes
FLASH            0x08000000         0x00080000         xr
FLASH2           0x08100000         0x00080000         xr
DTCMRAM          0x20000000         0x00020000         xrw
RAM_D1           0x24000000         0x00080000         xrw
RAM_D2           0x30000000         0x00048000         xrw
RAM_D3           0x38000000         0x00010000         xrw
ITCMRAM          0x00000000         0x00010000         xrw
*default*        0x00000000         0xffffffff

Linker script and memory map

LOAD C:/ST/STM32CubeIDE_1.18.0/STM32CubeIDE/plugins/com.st.stm32cube.ide.mcu.externaltools.gnu-tools-for-stm32.13.3.rel1.win32_1.0.0.202411081344/tools/bin/../lib/gcc/arm-none-eabi/13.3.1/thumb/v7e-m+dp/hard/crti.o
LOAD C:/ST/STM32CubeIDE_1.18.0/STM32CubeIDE/plugins/com.st.stm32cube.ide.mcu.externaltools.gnu-tools-for-stm32.13.3.rel1.win32_1.0.0.202411081344/tools/bin/../lib/gcc/arm-none-eabi/13.3.1/thumb/v7e-m+dp/hard/crtbegin.o
LOAD C:/ST/STM32CubeIDE_1.18.0/STM32CubeIDE/plugins/com.st.stm32cube.ide.mcu.externaltools.gnu-tools-for-stm32.13.3.rel1.win32_1.0.0.202411081344/tools/bin/../lib/gcc/arm-none-eabi/13.3.1/../../../../arm-none-eabi/lib/thumb/v7e-m+dp/hard/crt0.o
LOAD ./Core/Src/main.o
LOAD ./Core/Src/stm32h7xx_hal_msp.o
LOAD ./Core/Src/stm32h7xx_it.o
LOAD ./Core/Src/syscalls.o
LOAD ./Core/Src/sysmem.o
LOAD ./Core/Src/system_stm32h7xx.o
LOAD ./Core/Startup/startup_stm32h743vgtx.o
LOAD ./Drivers/INA229_Driver/Src/INA229.o
LOAD ./Drivers/STM32H7xx_HAL_Driver/Src/stm32h7xx_hal.o
LOAD ./Drivers/STM32H7xx_HAL_Driver/Src/stm32h7xx_hal_cortex.o
LOAD ./Drivers/STM32H7xx_HAL_Driver/Src/stm32h7xx_hal_dcmi.o
LOAD ./Drivers/STM32H7xx_HAL_Driver/Src/stm32h7xx_hal_dma.o
LOAD ./Drivers/STM32H7xx_HAL_Driver/Src/stm32h7xx_hal_dma_ex.o
LOAD ./Drivers/STM32H7xx_HAL_Driver/Src/stm32h7xx_hal_exti.o
LOAD ./Drivers/STM32H7xx_HAL_Driver/Src/stm32h7xx_hal_flash.o
LOAD ./Drivers/STM32H7xx_HAL_Driver/Src/stm32h7xx_hal_flash_ex.o
LOAD ./Drivers/STM32H7xx_HAL_Driver/Src/stm32h7xx_hal_gpio.o
LOAD ./Drivers/STM32H7xx_HAL_Driver/Src/stm32h7xx_hal_hsem.o
LOAD ./Drivers/STM32H7xx_HAL_Driver/Src/stm32h7xx_hal_i2c.o
LOAD ./Drivers/STM32H7xx_HAL_Driver/Src/stm32h7xx_hal_i2c_ex.o
LOAD ./Drivers/STM32H7xx_HAL_Driver/Src/stm32h7xx_hal_jpeg.o
LOAD ./Drivers/STM32H7xx_HAL_Driver/Src/stm32h7xx_hal_mdma.o
LOAD ./Drivers/STM32H7xx_HAL_Driver/Src/stm32h7xx_hal_pcd.o
LOAD ./Drivers/STM32H7xx_HAL_Driver/Src/stm32h7xx_hal_pcd_ex.o
LOAD ./Drivers/STM32H7xx_HAL_Driver/Src/stm32h7xx_hal_pwr.o
LOAD ./Drivers/STM32H7xx_HAL_Driver/Src/stm32h7xx_hal_pwr_ex.o
LOAD ./Drivers/STM32H7xx_HAL_Driver/Src/stm32h7xx_hal_rcc.o
LOAD ./Drivers/STM32H7xx_HAL_Driver/Src/stm32h7xx_hal_rcc_ex.o
LOAD ./Drivers/STM32H7xx_HAL_Driver/Src/stm32h7xx_hal_spi.o
LOAD ./Drivers/STM32H7xx_HAL_Driver/Src/stm32h7xx_hal_spi_ex.o
LOAD ./Drivers/STM32H7xx_HAL_Driver/Src/stm32h7xx_hal_tim.o
LOAD ./Drivers/STM32H7xx_HAL_Driver/Src/stm32h7xx_hal_tim_ex.o
LOAD ./Drivers/STM32H7xx_HAL_Driver/Src/stm32h7xx_hal_uart.o
LOAD ./Drivers/STM32H7xx_HAL_Driver/Src/stm32h7xx_hal_uart_ex.o
LOAD ./Drivers/STM32H7xx_HAL_Driver/Src/stm32h7xx_ll_usb.o
LOAD ./Drivers/XBEE_Driver/Src/XBEE.o
LOAD ./Middlewares/ST/STM32_USB_Device_Library/Class/CDC/Src/usbd_cdc.o
LOAD ./Middlewares/ST/STM32_USB_Device_Library/Core/Src/usbd_core.o
LOAD ./Middlewares/ST/STM32_USB_Device_Library/Core/Src/usbd_ctlreq.o
LOAD ./Middlewares/ST/STM32_USB_Device_Library/Core/Src/usbd_ioreq.o
LOAD ./USB_DEVICE/App/usb_device.o
LOAD ./USB_DEVICE/App/usbd_cdc_if.o
LOAD ./USB_DEVICE/App/usbd_desc.o
LOAD ./USB_DEVICE/Target/usbd_conf.o
LOAD ./Utilities/JPEG/jpeg_utils.o
START GROUP
LOAD C:/ST/STM32CubeIDE_1.18.0/STM32CubeIDE/plugins/com.st.stm32cube.ide.mcu.externaltools.gnu-tools-for-stm32.13.3.rel1.win32_1.0.0.202411081344/tools/bin/../lib/gcc/arm-none-eabi/13.3.1/../../../../arm-none-eabi/lib/thumb/v7e-m+dp/hard\libc_nano.a
LOAD C:/ST/STM32CubeIDE_1.18.0/STM32CubeIDE/plugins/com.st.stm32cube.ide.mcu.externaltools.gnu-tools-for-stm32.13.3.rel1.win32_1.0.0.202411081344/tools/bin/../lib/gcc/arm-none-eabi/13.3.1/../../../../arm-none-eabi/lib/thumb/v7e-m+dp/hard\libm.a
END GROUP
START GROUP
LOAD C:/ST/STM32CubeIDE_1.18.0/STM32CubeIDE/plugins/com.st.stm32cube.ide.mcu.externaltools.gnu-tools-for-stm32.13.3.rel1.win32_1.0.0.202411081344/tools/bin/../lib/gcc/arm-none-eabi/13.3.1/thumb/v7e-m+dp/hard\libgcc.a
LOAD C:/ST/STM32CubeIDE_1.18.0/STM32CubeIDE/plugins/com.st.stm32cube.ide.mcu.externaltools.gnu-tools-for-stm32.13.3.rel1.win32_1.0.0.202411081344/tools/bin/../lib/gcc/arm-none-eabi/13.3.1/../../../../arm-none-eabi/lib/thumb/v7e-m+dp/hard\libc_nano.a
END GROUP
START GROUP
LOAD C:/ST/STM32CubeIDE_1.18.0/STM32CubeIDE/plugins/com.st.stm32cube.ide.mcu.externaltools.gnu-tools-for-stm32.13.3.rel1.win32_1.0.0.202411081344/tools/bin/../lib/gcc/arm-none-eabi/13.3.1/thumb/v7e-m+dp/hard\libgcc.a
LOAD C:/ST/STM32CubeIDE_1.18.0/STM32CubeIDE/plugins/com.st.stm32cube.ide.mcu.externaltools.gnu-tools-for-stm32.13.3.rel1.win32_1.0.0.202411081344/tools/bin/../lib/gcc/arm-none-eabi/13.3.1/../../../../arm-none-eabi/lib/thumb/v7e-m+dp/hard\libc_nano.a
LOAD C:/ST/STM32CubeIDE_1.18.0/STM32CubeIDE/plugins/com.st.stm32cube.ide.mcu.externaltools.gnu-tools-for-stm32.13.3.rel1.win32_1.0.0.202411081344/tools/bin/../lib/gcc/arm-none-eabi/13.3.1/../../../../arm-none-eabi/lib/thumb/v7e-m+dp/hard\libnosys.a
END GROUP
START GROUP
LOAD C:/ST/STM32CubeIDE_1.18.0/STM32CubeIDE/plugins/com.st.stm32cube.ide.mcu.externaltools.gnu-tools-for-stm32.13.3.rel1.win32_1.0.0.202411081344/tools/bin/../lib/gcc/arm-none-eabi/13.3.1/thumb/v7e-m+dp/hard\libgcc.a
LOAD C:/ST/STM32CubeIDE_1.18.0/STM32CubeIDE/plugins/com.st.stm32cube.ide.mcu.externaltools.gnu-tools-for-stm32.13.3.rel1.win32_1.0.0.202411081344/tools/bin/../lib/gcc/arm-none-eabi/13.3.1/../../../../arm-none-eabi/lib/thumb/v7e-m+dp/hard\libc_nano.a
LOAD C:/ST/STM32CubeIDE_1.18.0/STM32CubeIDE/plugins/com.st.stm32cube.ide.mcu.externaltools.gnu-tools-for-stm32.13.3.rel1.win32_1.0.0.202411081344/tools/bin/../lib/gcc/arm-none-eabi/13.3.1/../../../../arm-none-eabi/lib/thumb/v7e-m+dp/hard\libnosys.a
END GROUP
LOAD C:/ST/STM32CubeIDE_1.18.0/STM32CubeIDE/plugins/com.st.stm32cube.ide.mcu.externaltools.gnu-tools-for-stm32.13.3.rel1.win32_1.0.0.202411081344/tools/bin/../lib/gcc/arm-none-eabi/13.3.1/thumb/v7e-m+dp/hard/crtend.o
LOAD C:/ST/STM32CubeIDE_1.18.0/STM32CubeIDE/plugins/com.st.stm32cube.ide.mcu.externaltools.gnu-tools-for-stm32.13.3.rel1.win32_1.0.0.202411081344/tools/bin/../lib/gcc/arm-none-eabi/13.3.1/thumb/v7e-m+dp/hard/crtn.o
                0x24080000                        _estack = (ORIGIN (RAM_D1) + LENGTH (RAM_D1))
                0x00000200                        _Min_Heap_Size = 0x200
                0x00000400                        _Min_Stack_Size = 0x400

.isr_vector     0x08000000      0x298
                0x08000000                        . = ALIGN (0x4)
 *(.isr_vector)
 .isr_vector    0x08000000      0x298 ./Core/Startup/startup_stm32h743vgtx.o
                0x08000000                g_pfnVectors
                0x08000298                        . = ALIGN (0x4)

.text           0x080002a0    0x1add4
                0x080002a0                        . = ALIGN (0x4)
 *(.text)
 .text          0x080002a0       0x40 C:/ST/STM32CubeIDE_1.18.0/STM32CubeIDE/plugins/com.st.stm32cube.ide.mcu.externaltools.gnu-tools-for-stm32.13.3.rel1.win32_1.0.0.202411081344/tools/bin/../lib/gcc/arm-none-eabi/13.3.1/thumb/v7e-m+dp/hard/crtbegin.o
 .text          0x080002e0       0xa0 C:/ST/STM32CubeIDE_1.18.0/STM32CubeIDE/plugins/com.st.stm32cube.ide.mcu.externaltools.gnu-tools-for-stm32.13.3.rel1.win32_1.0.0.202411081344/tools/bin/../lib/gcc/arm-none-eabi/13.3.1/../../../../arm-none-eabi/lib/thumb/v7e-m+dp/hard\libc_nano.a(libc_a-memchr.o)
                0x080002e0                memchr
 .text          0x08000380       0x10 C:/ST/STM32CubeIDE_1.18.0/STM32CubeIDE/plugins/com.st.stm32cube.ide.mcu.externaltools.gnu-tools-for-stm32.13.3.rel1.win32_1.0.0.202411081344/tools/bin/../lib/gcc/arm-none-eabi/13.3.1/../../../../arm-none-eabi/lib/thumb/v7e-m+dp/hard\libc_nano.a(libc_a-strlen.o)
                0x08000380                strlen
 .text          0x08000390       0x30 C:/ST/STM32CubeIDE_1.18.0/STM32CubeIDE/plugins/com.st.stm32cube.ide.mcu.externaltools.gnu-tools-for-stm32.13.3.rel1.win32_1.0.0.202411081344/tools/bin/../lib/gcc/arm-none-eabi/13.3.1/thumb/v7e-m+dp/hard\libgcc.a(_aeabi_uldivmod.o)
                0x08000390                __aeabi_uldivmod
 .text          0x080003c0      0x2f8 C:/ST/STM32CubeIDE_1.18.0/STM32CubeIDE/plugins/com.st.stm32cube.ide.mcu.externaltools.gnu-tools-for-stm32.13.3.rel1.win32_1.0.0.202411081344/tools/bin/../lib/gcc/arm-none-eabi/13.3.1/thumb/v7e-m+dp/hard\libgcc.a(_udivmoddi4.o)
                0x080003c0                __udivmoddi4
 .text          0x080006b8        0x4 C:/ST/STM32CubeIDE_1.18.0/STM32CubeIDE/plugins/com.st.stm32cube.ide.mcu.externaltools.gnu-tools-for-stm32.13.3.rel1.win32_1.0.0.202411081344/tools/bin/../lib/gcc/arm-none-eabi/13.3.1/thumb/v7e-m+dp/hard\libgcc.a(_dvmd_tls.o)
                0x080006b8                __aeabi_idiv0
                0x080006b8                __aeabi_ldiv0
 *(.text*)
 .text.__NVIC_SystemReset
                0x080006bc       0x2c ./Core/Src/main.o
 .text.main     0x080006e8      0x288 ./Core/Src/main.o
                0x080006e8                main
 .text.SystemClock_Config
                0x08000970       0xf4 ./Core/Src/main.o
                0x08000970                SystemClock_Config
 .text.MX_DCMI_Init
                0x08000a64       0x6c ./Core/Src/main.o
 .text.MX_I2C2_Init
                0x08000ad0       0x80 ./Core/Src/main.o
 .text.MX_JPEG_Init
                0x08000b50       0x28 ./Core/Src/main.o
 .text.MX_SPI2_Init
                0x08000b78       0xac ./Core/Src/main.o
 .text.MX_TIM1_Init
                0x08000c24      0x11c ./Core/Src/main.o
 .text.MX_TIM2_Init
                0x08000d40       0xe0 ./Core/Src/main.o
 .text.MX_TIM3_Init
                0x08000e20       0xcc ./Core/Src/main.o
 .text.MX_TIM4_Init
                0x08000eec       0xcc ./Core/Src/main.o
 .text.MX_TIM5_Init
                0x08000fb8       0xa0 ./Core/Src/main.o
 .text.MX_TIM14_Init
                0x08001058       0x98 ./Core/Src/main.o
 .text.MX_USART1_UART_Init
                0x080010f0       0xa4 ./Core/Src/main.o
 .text.MX_DMA_Init
                0x08001194       0x70 ./Core/Src/main.o
 .text.MX_MDMA_Init
                0x08001204       0x40 ./Core/Src/main.o
 .text.MX_GPIO_Init
                0x08001244      0x170 ./Core/Src/main.o
 .text.NetworkTimeout
                0x080013b4       0x60 ./Core/Src/main.o
                0x080013b4                NetworkTimeout
 *fill*         0x08001414        0x4 
 .text.SCH_XBeeRX
                0x08001418      0x1f4 ./Core/Src/main.o
                0x08001418                SCH_XBeeRX
 .text.SCH_XBeeTX
                0x0800160c      0x134 ./Core/Src/main.o
                0x0800160c                SCH_XBeeTX
 .text.SCH_CTRL
                0x08001740      0x300 ./Core/Src/main.o
                0x08001740                SCH_CTRL
 .text.SCH_PowerMon
                0x08001a40       0xa0 ./Core/Src/main.o
                0x08001a40                SCH_PowerMon
 .text.SCH_Camera
                0x08001ae0       0x80 ./Core/Src/main.o
                0x08001ae0                SCH_Camera
 .text.SCH_JPEG
                0x08001b60       0x80 ./Core/Src/main.o
                0x08001b60                SCH_JPEG
 .text.HAL_DCMI_VsyncEventCallback
                0x08001be0       0x48 ./Core/Src/main.o
                0x08001be0                HAL_DCMI_VsyncEventCallback
 .text.HAL_UART_RxCpltCallback
                0x08001c28       0x1c ./Core/Src/main.o
                0x08001c28                HAL_UART_RxCpltCallback
 .text.HAL_JPEG_GetDataCallback
                0x08001c44       0x64 ./Core/Src/main.o
                0x08001c44                HAL_JPEG_GetDataCallback
 .text.HAL_JPEG_DataReadyCallback
                0x08001ca8       0x38 ./Core/Src/main.o
                0x08001ca8                HAL_JPEG_DataReadyCallback
 .text.HAL_JPEG_EncodeCpltCallback
                0x08001ce0       0x28 ./Core/Src/main.o
                0x08001ce0                HAL_JPEG_EncodeCpltCallback
 .text.HAL_JPEG_ErrorCallback
                0x08001d08       0x3c ./Core/Src/main.o
                0x08001d08                HAL_JPEG_ErrorCallback
 .text.delay_ms_blocking
                0x08001d44       0x42 ./Core/Src/main.o
                0x08001d44                delay_ms_blocking
 *fill*         0x08001d86        0x2 
 .text.SafeState
                0x08001d88       0x68 ./Core/Src/main.o
                0x08001d88                SafeState
 .text.DeltaTime
                0x08001df0       0x2e ./Core/Src/main.o
                0x08001df0                DeltaTime
 .text.WriteDebug
                0x08001e1e       0x1e ./Core/Src/main.o
                0x08001e1e                WriteDebug
 .text.CAM_GetRegister
                0x08001e3c       0xf4 ./Core/Src/main.o
                0x08001e3c                CAM_GetRegister
 .text.CAM_SetRegister
                0x08001f30      0x14c ./Core/Src/main.o
                0x08001f30                CAM_SetRegister
 .text.GenerateJPEGMCUBlock
                0x0800207c      0x144 ./Core/Src/main.o
                0x0800207c                GenerateJPEGMCUBlock
 .text.MPU_Config
                0x080021c0       0x58 ./Core/Src/main.o
 .text.Error_Handler
                0x08002218        0xc ./Core/Src/main.o
                0x08002218                Error_Handler
 .text.HAL_MspInit
                0x08002224       0x34 ./Core/Src/stm32h7xx_hal_msp.o
                0x08002224                HAL_MspInit
 .text.HAL_DCMI_MspInit
                0x08002258      0x228 ./Core/Src/stm32h7xx_hal_msp.o
                0x08002258                HAL_DCMI_MspInit
 .text.HAL_I2C_MspInit
                0x08002480      0x118 ./Core/Src/stm32h7xx_hal_msp.o
                0x08002480                HAL_I2C_MspInit
 .text.HAL_JPEG_MspInit
                0x08002598      0x17c ./Core/Src/stm32h7xx_hal_msp.o
                0x08002598                HAL_JPEG_MspInit
 .text.HAL_SPI_MspInit
                0x08002714      0x11c ./Core/Src/stm32h7xx_hal_msp.o
                0x08002714                HAL_SPI_MspInit
 .text.HAL_TIM_PWM_MspInit
                0x08002830       0xcc ./Core/Src/stm32h7xx_hal_msp.o
                0x08002830                HAL_TIM_PWM_MspInit
 .text.HAL_TIM_Base_MspInit
                0x080028fc       0x90 ./Core/Src/stm32h7xx_hal_msp.o
                0x080028fc                HAL_TIM_Base_MspInit
 .text.HAL_TIM_MspPostInit
                0x0800298c      0x1b4 ./Core/Src/stm32h7xx_hal_msp.o
                0x0800298c                HAL_TIM_MspPostInit
 .text.HAL_UART_MspInit
                0x08002b40      0x14c ./Core/Src/stm32h7xx_hal_msp.o
                0x08002b40                HAL_UART_MspInit
 .text.NMI_Handler
                0x08002c8c        0x8 ./Core/Src/stm32h7xx_it.o
                0x08002c8c                NMI_Handler
 .text.HardFault_Handler
                0x08002c94        0xc ./Core/Src/stm32h7xx_it.o
                0x08002c94                HardFault_Handler
 .text.MemManage_Handler
                0x08002ca0        0xc ./Core/Src/stm32h7xx_it.o
                0x08002ca0                MemManage_Handler
 .text.BusFault_Handler
                0x08002cac        0xc ./Core/Src/stm32h7xx_it.o
                0x08002cac                BusFault_Handler
 .text.UsageFault_Handler
                0x08002cb8        0xc ./Core/Src/stm32h7xx_it.o
                0x08002cb8                UsageFault_Handler
 .text.SVC_Handler
                0x08002cc4        0xe ./Core/Src/stm32h7xx_it.o
                0x08002cc4                SVC_Handler
 .text.DebugMon_Handler
                0x08002cd2        0xe ./Core/Src/stm32h7xx_it.o
                0x08002cd2                DebugMon_Handler
 .text.PendSV_Handler
                0x08002ce0        0xe ./Core/Src/stm32h7xx_it.o
                0x08002ce0                PendSV_Handler
 .text.SysTick_Handler
                0x08002cee        0xc ./Core/Src/stm32h7xx_it.o
                0x08002cee                SysTick_Handler
 *fill*         0x08002cfa        0x2 
 .text.DMA1_Stream0_IRQHandler
                0x08002cfc       0x14 ./Core/Src/stm32h7xx_it.o
                0x08002cfc                DMA1_Stream0_IRQHandler
 .text.I2C2_EV_IRQHandler
                0x08002d10       0x14 ./Core/Src/stm32h7xx_it.o
                0x08002d10                I2C2_EV_IRQHandler
 .text.I2C2_ER_IRQHandler
                0x08002d24       0x14 ./Core/Src/stm32h7xx_it.o
                0x08002d24                I2C2_ER_IRQHandler
 .text.USART1_IRQHandler
                0x08002d38       0x14 ./Core/Src/stm32h7xx_it.o
                0x08002d38                USART1_IRQHandler
 .text.TIM8_TRG_COM_TIM14_IRQHandler
                0x08002d4c       0x14 ./Core/Src/stm32h7xx_it.o
                0x08002d4c                TIM8_TRG_COM_TIM14_IRQHandler
 .text.TIM5_IRQHandler
                0x08002d60       0x18 ./Core/Src/stm32h7xx_it.o
                0x08002d60                TIM5_IRQHandler
 .text.DMA2_Stream0_IRQHandler
                0x08002d78       0x14 ./Core/Src/stm32h7xx_it.o
                0x08002d78                DMA2_Stream0_IRQHandler
 .text.DCMI_IRQHandler
                0x08002d8c       0x14 ./Core/Src/stm32h7xx_it.o
                0x08002d8c                DCMI_IRQHandler
 .text.OTG_FS_IRQHandler
                0x08002da0       0x14 ./Core/Src/stm32h7xx_it.o
                0x08002da0                OTG_FS_IRQHandler
 .text.JPEG_IRQHandler
                0x08002db4       0x14 ./Core/Src/stm32h7xx_it.o
                0x08002db4                JPEG_IRQHandler
 .text.MDMA_IRQHandler
                0x08002dc8       0x1c ./Core/Src/stm32h7xx_it.o
                0x08002dc8                MDMA_IRQHandler
 .text._getpid  0x08002de4       0x10 ./Core/Src/syscalls.o
                0x08002de4                _getpid
 .text._kill    0x08002df4       0x20 ./Core/Src/syscalls.o
                0x08002df4                _kill
 .text._exit    0x08002e14       0x16 ./Core/Src/syscalls.o
                0x08002e14                _exit
 .text._read    0x08002e2a       0x3a ./Core/Src/syscalls.o
                0x08002e2a                _read
 .text._write   0x08002e64       0x38 ./Core/Src/syscalls.o
                0x08002e64                _write
 .text._close   0x08002e9c       0x18 ./Core/Src/syscalls.o
                0x08002e9c                _close
 .text._fstat   0x08002eb4       0x20 ./Core/Src/syscalls.o
                0x08002eb4                _fstat
 .text._isatty  0x08002ed4       0x16 ./Core/Src/syscalls.o
                0x08002ed4                _isatty
 .text._lseek   0x08002eea       0x1a ./Core/Src/syscalls.o
                0x08002eea                _lseek
 .text._sbrk    0x08002f04       0x6c ./Core/Src/sysmem.o
                0x08002f04                _sbrk
 .text.SystemInit
                0x08002f70      0x140 ./Core/Src/system_stm32h7xx.o
                0x08002f70                SystemInit
 .text.ExitRun0Mode
                0x080030b0       0x30 ./Core/Src/system_stm32h7xx.o
                0x080030b0                ExitRun0Mode
 .text.Reset_Handler
                0x080030e0       0x54 ./Core/Startup/startup_stm32h743vgtx.o
                0x080030e0                Reset_Handler
 .text.Default_Handler
                0x08003134        0x2 ./Core/Startup/startup_stm32h743vgtx.o
                0x08003134                RTC_Alarm_IRQHandler
                0x08003134                EXTI2_IRQHandler
                0x08003134                TIM8_CC_IRQHandler
                0x08003134                HRTIM1_Master_IRQHandler
                0x08003134                UART8_IRQHandler
                0x08003134                SPI4_IRQHandler
                0x08003134                TIM1_CC_IRQHandler
                0x08003134                BDMA_Channel6_IRQHandler
                0x08003134                DMA2_Stream5_IRQHandler
                0x08003134                HRTIM1_FLT_IRQHandler
                0x08003134                DMA1_Stream5_IRQHandler
                0x08003134                BDMA_Channel1_IRQHandler
                0x08003134                HRTIM1_TIMD_IRQHandler
                0x08003134                TAMP_STAMP_IRQHandler
                0x08003134                EXTI3_IRQHandler
                0x08003134                LPTIM4_IRQHandler
                0x08003134                LPTIM2_IRQHandler
                0x08003134                DFSDM1_FLT1_IRQHandler
                0x08003134                DMAMUX2_OVR_IRQHandler
                0x08003134                TIM8_UP_TIM13_IRQHandler
                0x08003134                I2C3_ER_IRQHandler
                0x08003134                DFSDM1_FLT2_IRQHandler
                0x08003134                LPTIM3_IRQHandler
                0x08003134                HSEM1_IRQHandler
                0x08003134                EXTI0_IRQHandler
                0x08003134                DMA1_Stream2_IRQHandler
                0x08003134                FPU_IRQHandler
                0x08003134                OTG_HS_WKUP_IRQHandler
                0x08003134                FDCAN1_IT1_IRQHandler
                0x08003134                LTDC_ER_IRQHandler
                0x08003134                DMA2_Stream2_IRQHandler
                0x08003134                HRTIM1_TIME_IRQHandler
                0x08003134                SPI1_IRQHandler
                0x08003134                TIM6_DAC_IRQHandler
                0x08003134                HRTIM1_TIMC_IRQHandler
                0x08003134                DMA2_Stream3_IRQHandler
                0x08003134                SAI2_IRQHandler
                0x08003134                DFSDM1_FLT3_IRQHandler
                0x08003134                USART6_IRQHandler
                0x08003134                TIM17_IRQHandler
                0x08003134                USART3_IRQHandler
                0x08003134                BDMA_Channel7_IRQHandler
                0x08003134                LPTIM5_IRQHandler
                0x08003134                UART5_IRQHandler
                0x08003134                ADC3_IRQHandler
                0x08003134                TIM4_IRQHandler
                0x08003134                BDMA_Channel2_IRQHandler
                0x08003134                QUADSPI_IRQHandler
                0x08003134                I2C1_EV_IRQHandler
                0x08003134                DMA1_Stream6_IRQHandler
                0x08003134                DMAMUX1_OVR_IRQHandler
                0x08003134                DMA1_Stream1_IRQHandler
                0x08003134                TIM16_IRQHandler
                0x08003134                UART4_IRQHandler
                0x08003134                BDMA_Channel5_IRQHandler
                0x08003134                TIM3_IRQHandler
                0x08003134                RCC_IRQHandler
                0x08003134                TIM8_BRK_TIM12_IRQHandler
                0x08003134                TIM1_TRG_COM_IRQHandler
                0x08003134                Default_Handler
                0x08003134                ECC_IRQHandler
                0x08003134                CEC_IRQHandler
                0x08003134                EXTI15_10_IRQHandler
                0x08003134                BDMA_Channel0_IRQHandler
                0x08003134                ADC_IRQHandler
                0x08003134                DMA1_Stream7_IRQHandler
                0x08003134                HRTIM1_TIMA_IRQHandler
                0x08003134                SPI5_IRQHandler
                0x08003134                TIM7_IRQHandler
                0x08003134                SDMMC1_IRQHandler
                0x08003134                DMA2_Stream7_IRQHandler
                0x08003134                TIM15_IRQHandler
                0x08003134                PVD_AVD_IRQHandler
                0x08003134                I2C3_EV_IRQHandler
                0x08003134                EXTI9_5_IRQHandler
                0x08003134                RTC_WKUP_IRQHandler
                0x08003134                LTDC_IRQHandler
                0x08003134                SAI3_IRQHandler
                0x08003134                ETH_WKUP_IRQHandler
                0x08003134                SPDIF_RX_IRQHandler
                0x08003134                SPI2_IRQHandler
                0x08003134                OTG_HS_EP1_IN_IRQHandler
                0x08003134                CRS_IRQHandler
                0x08003134                EXTI4_IRQHandler
                0x08003134                RNG_IRQHandler
                0x08003134                HRTIM1_TIMB_IRQHandler
                0x08003134                FDCAN2_IT1_IRQHandler
                0x08003134                ETH_IRQHandler
                0x08003134                TIM1_UP_IRQHandler
                0x08003134                BDMA_Channel4_IRQHandler
                0x08003134                OTG_HS_EP1_OUT_IRQHandler
                0x08003134                WWDG_IRQHandler
                0x08003134                SPI6_IRQHandler
                0x08003134                MDIOS_IRQHandler
                0x08003134                I2C4_EV_IRQHandler
                0x08003134                FDCAN2_IT0_IRQHandler
                0x08003134                LPUART1_IRQHandler
                0x08003134                FDCAN1_IT0_IRQHandler
                0x08003134                TIM2_IRQHandler
                0x08003134                OTG_FS_WKUP_IRQHandler
                0x08003134                OTG_HS_IRQHandler
                0x08003134                DMA2D_IRQHandler
                0x08003134                TIM1_BRK_IRQHandler
                0x08003134                EXTI1_IRQHandler
                0x08003134                SDMMC2_IRQHandler
                0x08003134                OTG_FS_EP1_OUT_IRQHandler
                0x08003134                BDMA_Channel3_IRQHandler
                0x08003134                UART7_IRQHandler
                0x08003134                MDIOS_WKUP_IRQHandler
                0x08003134                USART2_IRQHandler
                0x08003134                DFSDM1_FLT0_IRQHandler
                0x08003134                SAI4_IRQHandler
                0x08003134                DMA2_Stream1_IRQHandler
                0x08003134                FLASH_IRQHandler
                0x08003134                DMA2_Stream4_IRQHandler
                0x08003134                SPI3_IRQHandler
                0x08003134                WAKEUP_PIN_IRQHandler
                0x08003134                DMA1_Stream4_IRQHandler
                0x08003134                OTG_FS_EP1_IN_IRQHandler
                0x08003134                I2C1_ER_IRQHandler
                0x08003134                FMC_IRQHandler
                0x08003134                FDCAN_CAL_IRQHandler
                0x08003134                SWPMI1_IRQHandler
                0x08003134                COMP1_IRQHandler
                0x08003134                LPTIM1_IRQHandler
                0x08003134                I2C4_ER_IRQHandler
                0x08003134                DMA2_Stream6_IRQHandler
                0x08003134                SAI1_IRQHandler
                0x08003134                DMA1_Stream3_IRQHandler
 .text.INA229_ReadRegister
                0x08003136       0xb0 ./Drivers/INA229_Driver/Src/INA229.o
                0x08003136                INA229_ReadRegister
 .text.INA229_Init
                0x080031e6       0x16 ./Drivers/INA229_Driver/Src/INA229.o
                0x080031e6                INA229_Init
 .text.Register24_Int32
                0x080031fc       0x42 ./Drivers/INA229_Driver/Src/INA229.o
                0x080031fc                Register24_Int32
 *fill*         0x0800323e        0x2 
 .text.INA229_Get
                0x08003240       0xc8 ./Drivers/INA229_Driver/Src/INA229.o
                0x08003240                INA229_Get
 .text.HAL_Init
                0x08003308       0x78 ./Drivers/STM32H7xx_HAL_Driver/Src/stm32h7xx_hal.o
                0x08003308                HAL_Init
 .text.HAL_InitTick
                0x08003380       0x6c ./Drivers/STM32H7xx_HAL_Driver/Src/stm32h7xx_hal.o
                0x08003380                HAL_InitTick
 .text.HAL_IncTick
                0x080033ec       0x28 ./Drivers/STM32H7xx_HAL_Driver/Src/stm32h7xx_hal.o
                0x080033ec                HAL_IncTick
 .text.HAL_GetTick
                0x08003414       0x18 ./Drivers/STM32H7xx_HAL_Driver/Src/stm32h7xx_hal.o
                0x08003414                HAL_GetTick
 .text.HAL_Delay
                0x0800342c       0x48 ./Drivers/STM32H7xx_HAL_Driver/Src/stm32h7xx_hal.o
                0x0800342c                HAL_Delay
 .text.HAL_GetREVID
                0x08003474       0x18 ./Drivers/STM32H7xx_HAL_Driver/Src/stm32h7xx_hal.o
                0x08003474                HAL_GetREVID
 .text.__NVIC_SetPriorityGrouping
                0x0800348c       0x48 ./Drivers/STM32H7xx_HAL_Driver/Src/stm32h7xx_hal_cortex.o
 .text.__NVIC_GetPriorityGrouping
                0x080034d4       0x1c ./Drivers/STM32H7xx_HAL_Driver/Src/stm32h7xx_hal_cortex.o
 .text.__NVIC_EnableIRQ
                0x080034f0       0x3c ./Drivers/STM32H7xx_HAL_Driver/Src/stm32h7xx_hal_cortex.o
 .text.__NVIC_SetPriority
                0x0800352c       0x54 ./Drivers/STM32H7xx_HAL_Driver/Src/stm32h7xx_hal_cortex.o
 .text.NVIC_EncodePriority
                0x08003580       0x66 ./Drivers/STM32H7xx_HAL_Driver/Src/stm32h7xx_hal_cortex.o
 *fill*         0x080035e6        0x2 
 .text.SysTick_Config
                0x080035e8       0x44 ./Drivers/STM32H7xx_HAL_Driver/Src/stm32h7xx_hal_cortex.o
 .text.HAL_NVIC_SetPriorityGrouping
                0x0800362c       0x16 ./Drivers/STM32H7xx_HAL_Driver/Src/stm32h7xx_hal_cortex.o
                0x0800362c                HAL_NVIC_SetPriorityGrouping
 .text.HAL_NVIC_SetPriority
                0x08003642       0x34 ./Drivers/STM32H7xx_HAL_Driver/Src/stm32h7xx_hal_cortex.o
                0x08003642                HAL_NVIC_SetPriority
 .text.HAL_NVIC_EnableIRQ
                0x08003676       0x1c ./Drivers/STM32H7xx_HAL_Driver/Src/stm32h7xx_hal_cortex.o
                0x08003676                HAL_NVIC_EnableIRQ
 .text.HAL_SYSTICK_Config
                0x08003692       0x18 ./Drivers/STM32H7xx_HAL_Driver/Src/stm32h7xx_hal_cortex.o
                0x08003692                HAL_SYSTICK_Config
 *fill*         0x080036aa        0x2 
 .text.HAL_MPU_Disable
                0x080036ac       0x30 ./Drivers/STM32H7xx_HAL_Driver/Src/stm32h7xx_hal_cortex.o
                0x080036ac                HAL_MPU_Disable
 .text.HAL_MPU_Enable
                0x080036dc       0x40 ./Drivers/STM32H7xx_HAL_Driver/Src/stm32h7xx_hal_cortex.o
                0x080036dc                HAL_MPU_Enable
 .text.HAL_MPU_ConfigRegion
                0x0800371c       0x80 ./Drivers/STM32H7xx_HAL_Driver/Src/stm32h7xx_hal_cortex.o
                0x0800371c                HAL_MPU_ConfigRegion
 .text.HAL_DCMI_Init
                0x0800379c       0xf4 ./Drivers/STM32H7xx_HAL_Driver/Src/stm32h7xx_hal_dcmi.o
                0x0800379c                HAL_DCMI_Init
 .text.HAL_DCMI_Start_DMA
                0x08003890      0x184 ./Drivers/STM32H7xx_HAL_Driver/Src/stm32h7xx_hal_dcmi.o
                0x08003890                HAL_DCMI_Start_DMA
 .text.HAL_DCMI_Stop
                0x08003a14       0xc0 ./Drivers/STM32H7xx_HAL_Driver/Src/stm32h7xx_hal_dcmi.o
                0x08003a14                HAL_DCMI_Stop
 .text.HAL_DCMI_IRQHandler
                0x08003ad4      0x104 ./Drivers/STM32H7xx_HAL_Driver/Src/stm32h7xx_hal_dcmi.o
                0x08003ad4                HAL_DCMI_IRQHandler
 .text.HAL_DCMI_ErrorCallback
                0x08003bd8       0x14 ./Drivers/STM32H7xx_HAL_Driver/Src/stm32h7xx_hal_dcmi.o
                0x08003bd8                HAL_DCMI_ErrorCallback
 .text.HAL_DCMI_LineEventCallback
                0x08003bec       0x14 ./Drivers/STM32H7xx_HAL_Driver/Src/stm32h7xx_hal_dcmi.o
                0x08003bec                HAL_DCMI_LineEventCallback
 .text.HAL_DCMI_FrameEventCallback
                0x08003c00       0x14 ./Drivers/STM32H7xx_HAL_Driver/Src/stm32h7xx_hal_dcmi.o
                0x08003c00                HAL_DCMI_FrameEventCallback
 .text.DCMI_DMAXferCplt
                0x08003c14      0x126 ./Drivers/STM32H7xx_HAL_Driver/Src/stm32h7xx_hal_dcmi.o
 .text.DCMI_DMAError
                0x08003d3a       0x3a ./Drivers/STM32H7xx_HAL_Driver/Src/stm32h7xx_hal_dcmi.o
 .text.HAL_DMA_Init
                0x08003d74      0x6b8 ./Drivers/STM32H7xx_HAL_Driver/Src/stm32h7xx_hal_dma.o
                0x08003d74                HAL_DMA_Init
 .text.HAL_DMA_Start_IT
                0x0800442c      0x4d4 ./Drivers/STM32H7xx_HAL_Driver/Src/stm32h7xx_hal_dma.o
                0x0800442c                HAL_DMA_Start_IT
 .text.HAL_DMA_Abort
                0x08004900      0x63c ./Drivers/STM32H7xx_HAL_Driver/Src/stm32h7xx_hal_dma.o
                0x08004900                HAL_DMA_Abort
 .text.HAL_DMA_Abort_IT
                0x08004f3c      0x48c ./Drivers/STM32H7xx_HAL_Driver/Src/stm32h7xx_hal_dma.o
                0x08004f3c                HAL_DMA_Abort_IT
 .text.HAL_DMA_IRQHandler
                0x080053c8      0xe54 ./Drivers/STM32H7xx_HAL_Driver/Src/stm32h7xx_hal_dma.o
                0x080053c8                HAL_DMA_IRQHandler
 .text.HAL_DMA_GetState
                0x0800621c       0x1c ./Drivers/STM32H7xx_HAL_Driver/Src/stm32h7xx_hal_dma.o
                0x0800621c                HAL_DMA_GetState
 .text.DMA_SetConfig
                0x08006238      0x358 ./Drivers/STM32H7xx_HAL_Driver/Src/stm32h7xx_hal_dma.o
 .text.DMA_CalcBaseAndBitshift
                0x08006590      0x164 ./Drivers/STM32H7xx_HAL_Driver/Src/stm32h7xx_hal_dma.o
 .text.DMA_CheckFifoParam
                0x080066f4       0xf8 ./Drivers/STM32H7xx_HAL_Driver/Src/stm32h7xx_hal_dma.o
 .text.DMA_CalcDMAMUXChannelBaseAndMask
                0x080067ec      0x134 ./Drivers/STM32H7xx_HAL_Driver/Src/stm32h7xx_hal_dma.o
 .text.DMA_CalcDMAMUXRequestGenBaseAndMask
                0x08006920       0xe8 ./Drivers/STM32H7xx_HAL_Driver/Src/stm32h7xx_hal_dma.o
 .text.HAL_DMAEx_MultiBufferStart_IT
                0x08006a08      0x6bc ./Drivers/STM32H7xx_HAL_Driver/Src/stm32h7xx_hal_dma_ex.o
                0x08006a08                HAL_DMAEx_MultiBufferStart_IT
 .text.HAL_DMAEx_ChangeMemory
                0x080070c4      0x138 ./Drivers/STM32H7xx_HAL_Driver/Src/stm32h7xx_hal_dma_ex.o
                0x080070c4                HAL_DMAEx_ChangeMemory
 .text.DMA_MultiBufferSetConfig
                0x080071fc      0x16c ./Drivers/STM32H7xx_HAL_Driver/Src/stm32h7xx_hal_dma_ex.o
 .text.HAL_GPIO_Init
                0x08007368      0x360 ./Drivers/STM32H7xx_HAL_Driver/Src/stm32h7xx_hal_gpio.o
                0x08007368                HAL_GPIO_Init
 .text.HAL_GPIO_WritePin
                0x080076c8       0x32 ./Drivers/STM32H7xx_HAL_Driver/Src/stm32h7xx_hal_gpio.o
                0x080076c8                HAL_GPIO_WritePin
 *fill*         0x080076fa        0x2 
 .text.HAL_I2C_Init
                0x080076fc      0x138 ./Drivers/STM32H7xx_HAL_Driver/Src/stm32h7xx_hal_i2c.o
                0x080076fc                HAL_I2C_Init
 .text.HAL_I2C_Master_Transmit
                0x08007834      0x230 ./Drivers/STM32H7xx_HAL_Driver/Src/stm32h7xx_hal_i2c.o
                0x08007834                HAL_I2C_Master_Transmit
 .text.HAL_I2C_Master_Receive
                0x08007a64      0x1ec ./Drivers/STM32H7xx_HAL_Driver/Src/stm32h7xx_hal_i2c.o
                0x08007a64                HAL_I2C_Master_Receive
 .text.HAL_I2C_EV_IRQHandler
                0x08007c50       0x34 ./Drivers/STM32H7xx_HAL_Driver/Src/stm32h7xx_hal_i2c.o
                0x08007c50                HAL_I2C_EV_IRQHandler
 .text.HAL_I2C_ER_IRQHandler
                0x08007c84       0xc2 ./Drivers/STM32H7xx_HAL_Driver/Src/stm32h7xx_hal_i2c.o
                0x08007c84                HAL_I2C_ER_IRQHandler
 .text.HAL_I2C_SlaveTxCpltCallback
                0x08007d46       0x14 ./Drivers/STM32H7xx_HAL_Driver/Src/stm32h7xx_hal_i2c.o
                0x08007d46                HAL_I2C_SlaveTxCpltCallback
 .text.HAL_I2C_SlaveRxCpltCallback
                0x08007d5a       0x14 ./Drivers/STM32H7xx_HAL_Driver/Src/stm32h7xx_hal_i2c.o
                0x08007d5a                HAL_I2C_SlaveRxCpltCallback
 .text.HAL_I2C_AddrCallback
                0x08007d6e       0x1c ./Drivers/STM32H7xx_HAL_Driver/Src/stm32h7xx_hal_i2c.o
                0x08007d6e                HAL_I2C_AddrCallback
 .text.HAL_I2C_ListenCpltCallback
                0x08007d8a       0x14 ./Drivers/STM32H7xx_HAL_Driver/Src/stm32h7xx_hal_i2c.o
                0x08007d8a                HAL_I2C_ListenCpltCallback
 .text.HAL_I2C_ErrorCallback
                0x08007d9e       0x14 ./Drivers/STM32H7xx_HAL_Driver/Src/stm32h7xx_hal_i2c.o
                0x08007d9e                HAL_I2C_ErrorCallback
 .text.HAL_I2C_AbortCpltCallback
                0x08007db2       0x14 ./Drivers/STM32H7xx_HAL_Driver/Src/stm32h7xx_hal_i2c.o
                0x08007db2                HAL_I2C_AbortCpltCallback
 .text.I2C_Slave_ISR_IT
                0x08007dc6      0x208 ./Drivers/STM32H7xx_HAL_Driver/Src/stm32h7xx_hal_i2c.o
 .text.I2C_ITAddrCplt
                0x08007fce      0x108 ./Drivers/STM32H7xx_HAL_Driver/Src/stm32h7xx_hal_i2c.o
 .text.I2C_ITSlaveSeqCplt
                0x080080d6       0xbc ./Drivers/STM32H7xx_HAL_Driver/Src/stm32h7xx_hal_i2c.o
 *fill*         0x08008192        0x2 
 .text.I2C_ITSlaveCplt
                0x08008194      0x4b4 ./Drivers/STM32H7xx_HAL_Driver/Src/stm32h7xx_hal_i2c.o
 .text.I2C_ITListenCplt
                0x08008648       0xac ./Drivers/STM32H7xx_HAL_Driver/Src/stm32h7xx_hal_i2c.o
 .text.I2C_ITError
                0x080086f4      0x1e0 ./Drivers/STM32H7xx_HAL_Driver/Src/stm32h7xx_hal_i2c.o
 .text.I2C_TreatErrorCallback
                0x080088d4       0x4e ./Drivers/STM32H7xx_HAL_Driver/Src/stm32h7xx_hal_i2c.o
 .text.I2C_Flush_TXDR
                0x08008922       0x48 ./Drivers/STM32H7xx_HAL_Driver/Src/stm32h7xx_hal_i2c.o
 .text.I2C_DMAAbort
                0x0800896a       0x3c ./Drivers/STM32H7xx_HAL_Driver/Src/stm32h7xx_hal_i2c.o
 .text.I2C_WaitOnFlagUntilTimeout
                0x080089a6       0xb2 ./Drivers/STM32H7xx_HAL_Driver/Src/stm32h7xx_hal_i2c.o
 .text.I2C_WaitOnTXISFlagUntilTimeout
                0x08008a58       0x8e ./Drivers/STM32H7xx_HAL_Driver/Src/stm32h7xx_hal_i2c.o
 .text.I2C_WaitOnSTOPFlagUntilTimeout
                0x08008ae6       0x86 ./Drivers/STM32H7xx_HAL_Driver/Src/stm32h7xx_hal_i2c.o
 .text.I2C_WaitOnRXNEFlagUntilTimeout
                0x08008b6c      0x118 ./Drivers/STM32H7xx_HAL_Driver/Src/stm32h7xx_hal_i2c.o
 .text.I2C_IsErrorOccurred
                0x08008c84      0x1c0 ./Drivers/STM32H7xx_HAL_Driver/Src/stm32h7xx_hal_i2c.o
 .text.I2C_TransferConfig
                0x08008e44       0x64 ./Drivers/STM32H7xx_HAL_Driver/Src/stm32h7xx_hal_i2c.o
 .text.I2C_Disable_IRQ
                0x08008ea8       0xbc ./Drivers/STM32H7xx_HAL_Driver/Src/stm32h7xx_hal_i2c.o
 .text.HAL_I2CEx_ConfigAnalogFilter
                0x08008f64       0x96 ./Drivers/STM32H7xx_HAL_Driver/Src/stm32h7xx_hal_i2c_ex.o
                0x08008f64                HAL_I2CEx_ConfigAnalogFilter
 .text.HAL_I2CEx_ConfigDigitalFilter
                0x08008ffa       0x98 ./Drivers/STM32H7xx_HAL_Driver/Src/stm32h7xx_hal_i2c_ex.o
                0x08008ffa                HAL_I2CEx_ConfigDigitalFilter
 *fill*         0x08009092        0x2 
 .text.HAL_JPEG_Init
                0x08009094      0x104 ./Drivers/STM32H7xx_HAL_Driver/Src/stm32h7xx_hal_jpeg.o
                0x08009094                HAL_JPEG_Init
 .text.HAL_JPEG_ConfigEncoding
                0x08009198      0x346 ./Drivers/STM32H7xx_HAL_Driver/Src/stm32h7xx_hal_jpeg.o
                0x08009198                HAL_JPEG_ConfigEncoding
 .text.HAL_JPEG_GetInfo
                0x080094de      0x12a ./Drivers/STM32H7xx_HAL_Driver/Src/stm32h7xx_hal_jpeg.o
                0x080094de                HAL_JPEG_GetInfo
 .text.HAL_JPEG_Encode_DMA
                0x08009608       0xe0 ./Drivers/STM32H7xx_HAL_Driver/Src/stm32h7xx_hal_jpeg.o
                0x08009608                HAL_JPEG_Encode_DMA
 .text.HAL_JPEG_Pause
                0x080096e8       0xb0 ./Drivers/STM32H7xx_HAL_Driver/Src/stm32h7xx_hal_jpeg.o
                0x080096e8                HAL_JPEG_Pause
 .text.HAL_JPEG_ConfigInputBuffer
                0x08009798       0x24 ./Drivers/STM32H7xx_HAL_Driver/Src/stm32h7xx_hal_jpeg.o
                0x08009798                HAL_JPEG_ConfigInputBuffer
 .text.HAL_JPEG_ConfigOutputBuffer
                0x080097bc       0x24 ./Drivers/STM32H7xx_HAL_Driver/Src/stm32h7xx_hal_jpeg.o
                0x080097bc                HAL_JPEG_ConfigOutputBuffer
 .text.HAL_JPEG_InfoReadyCallback
                0x080097e0       0x16 ./Drivers/STM32H7xx_HAL_Driver/Src/stm32h7xx_hal_jpeg.o
                0x080097e0                HAL_JPEG_InfoReadyCallback
 .text.HAL_JPEG_DecodeCpltCallback
                0x080097f6       0x14 ./Drivers/STM32H7xx_HAL_Driver/Src/stm32h7xx_hal_jpeg.o
                0x080097f6                HAL_JPEG_DecodeCpltCallback
 .text.HAL_JPEG_IRQHandler
                0x0800980a       0x4c ./Drivers/STM32H7xx_HAL_Driver/Src/stm32h7xx_hal_jpeg.o
                0x0800980a                HAL_JPEG_IRQHandler
 .text.JPEG_Bits_To_SizeCodes
                0x08009856       0xea ./Drivers/STM32H7xx_HAL_Driver/Src/stm32h7xx_hal_jpeg.o
 .text.JPEG_ACHuff_BitsVals_To_SizeCodes
                0x08009940      0x140 ./Drivers/STM32H7xx_HAL_Driver/Src/stm32h7xx_hal_jpeg.o
 .text.JPEG_DCHuff_BitsVals_To_SizeCodes
                0x08009a80       0xe6 ./Drivers/STM32H7xx_HAL_Driver/Src/stm32h7xx_hal_jpeg.o
 .text.JPEG_Set_HuffDC_Mem
                0x08009b66      0x104 ./Drivers/STM32H7xx_HAL_Driver/Src/stm32h7xx_hal_jpeg.o
 *fill*         0x08009c6a        0x2 
 .text.JPEG_Set_HuffAC_Mem
                0x08009c6c      0x208 ./Drivers/STM32H7xx_HAL_Driver/Src/stm32h7xx_hal_jpeg.o
 .text.JPEG_Set_HuffEnc_Mem
                0x08009e74       0xa8 ./Drivers/STM32H7xx_HAL_Driver/Src/stm32h7xx_hal_jpeg.o
 .text.JPEG_Set_Huff_DHTMem
                0x08009f1c      0x45c ./Drivers/STM32H7xx_HAL_Driver/Src/stm32h7xx_hal_jpeg.o
 .text.JPEG_Set_Quantization_Mem
                0x0800a378       0xe4 ./Drivers/STM32H7xx_HAL_Driver/Src/stm32h7xx_hal_jpeg.o
 .text.JPEG_SetColorYCBCR
                0x0800a45c       0xf0 ./Drivers/STM32H7xx_HAL_Driver/Src/stm32h7xx_hal_jpeg.o
 .text.JPEG_SetColorGrayScale
                0x0800a54c       0x3c ./Drivers/STM32H7xx_HAL_Driver/Src/stm32h7xx_hal_jpeg.o
 .text.JPEG_SetColorCMYK
                0x0800a588       0xd4 ./Drivers/STM32H7xx_HAL_Driver/Src/stm32h7xx_hal_jpeg.o
 .text.JPEG_Init_Process
                0x0800a65c       0xe8 ./Drivers/STM32H7xx_HAL_Driver/Src/stm32h7xx_hal_jpeg.o
 .text.JPEG_Process
                0x0800a744      0x184 ./Drivers/STM32H7xx_HAL_Driver/Src/stm32h7xx_hal_jpeg.o
 .text.JPEG_StoreOutputData
                0x0800a8c8      0x20e ./Drivers/STM32H7xx_HAL_Driver/Src/stm32h7xx_hal_jpeg.o
 .text.JPEG_ReadInputData
                0x0800aad6      0x1cc ./Drivers/STM32H7xx_HAL_Driver/Src/stm32h7xx_hal_jpeg.o
 *fill*         0x0800aca2        0x2 
 .text.JPEG_DMA_StartProcess
                0x0800aca4      0x134 ./Drivers/STM32H7xx_HAL_Driver/Src/stm32h7xx_hal_jpeg.o
 .text.JPEG_DMA_ContinueProcess
                0x0800add8       0xea ./Drivers/STM32H7xx_HAL_Driver/Src/stm32h7xx_hal_jpeg.o
 .text.JPEG_DMA_EndProcess
                0x0800aec2       0xd2 ./Drivers/STM32H7xx_HAL_Driver/Src/stm32h7xx_hal_jpeg.o
 .text.JPEG_DMA_PollResidualData
                0x0800af94      0x142 ./Drivers/STM32H7xx_HAL_Driver/Src/stm32h7xx_hal_jpeg.o
 .text.JPEG_MDMAInCpltCallback
                0x0800b0d6      0x12c ./Drivers/STM32H7xx_HAL_Driver/Src/stm32h7xx_hal_jpeg.o
 .text.JPEG_MDMAOutCpltCallback
                0x0800b202       0xc2 ./Drivers/STM32H7xx_HAL_Driver/Src/stm32h7xx_hal_jpeg.o
 .text.JPEG_MDMAErrorCallback
                0x0800b2c4       0x50 ./Drivers/STM32H7xx_HAL_Driver/Src/stm32h7xx_hal_jpeg.o
 .text.JPEG_MDMAOutAbortCallback
                0x0800b314       0x28 ./Drivers/STM32H7xx_HAL_Driver/Src/stm32h7xx_hal_jpeg.o
 .text.JPEG_GetQuality
                0x0800b33c       0xbc ./Drivers/STM32H7xx_HAL_Driver/Src/stm32h7xx_hal_jpeg.o
 .text.HAL_MDMA_Init
                0x0800b3f8       0x98 ./Drivers/STM32H7xx_HAL_Driver/Src/stm32h7xx_hal_mdma.o
                0x0800b3f8                HAL_MDMA_Init
 .text.HAL_MDMA_ConfigPostRequestMask
                0x0800b490       0xa4 ./Drivers/STM32H7xx_HAL_Driver/Src/stm32h7xx_hal_mdma.o
                0x0800b490                HAL_MDMA_ConfigPostRequestMask
 .text.HAL_MDMA_Start_IT
                0x0800b534      0x102 ./Drivers/STM32H7xx_HAL_Driver/Src/stm32h7xx_hal_mdma.o
                0x0800b534                HAL_MDMA_Start_IT
 .text.HAL_MDMA_Abort_IT
                0x0800b636       0x4e ./Drivers/STM32H7xx_HAL_Driver/Src/stm32h7xx_hal_mdma.o
                0x0800b636                HAL_MDMA_Abort_IT
 .text.HAL_MDMA_IRQHandler
                0x0800b684      0x2a8 ./Drivers/STM32H7xx_HAL_Driver/Src/stm32h7xx_hal_mdma.o
                0x0800b684                HAL_MDMA_IRQHandler
 .text.MDMA_SetConfig
                0x0800b92c       0xe0 ./Drivers/STM32H7xx_HAL_Driver/Src/stm32h7xx_hal_mdma.o
 .text.MDMA_Init
                0x0800ba0c      0x130 ./Drivers/STM32H7xx_HAL_Driver/Src/stm32h7xx_hal_mdma.o
 .text.HAL_PCD_Init
                0x0800bb3c      0x218 ./Drivers/STM32H7xx_HAL_Driver/Src/stm32h7xx_hal_pcd.o
                0x0800bb3c                HAL_PCD_Init
 .text.HAL_PCD_Start
                0x0800bd54       0x6a ./Drivers/STM32H7xx_HAL_Driver/Src/stm32h7xx_hal_pcd.o
                0x0800bd54                HAL_PCD_Start
 .text.HAL_PCD_IRQHandler
                0x0800bdbe      0x99c ./Drivers/STM32H7xx_HAL_Driver/Src/stm32h7xx_hal_pcd.o
                0x0800bdbe                HAL_PCD_IRQHandler
 .text.HAL_PCD_SetAddress
                0x0800c75a       0x48 ./Drivers/STM32H7xx_HAL_Driver/Src/stm32h7xx_hal_pcd.o
                0x0800c75a                HAL_PCD_SetAddress
 .text.HAL_PCD_EP_Open
                0x0800c7a2       0xd4 ./Drivers/STM32H7xx_HAL_Driver/Src/stm32h7xx_hal_pcd.o
                0x0800c7a2                HAL_PCD_EP_Open
 .text.HAL_PCD_EP_Close
                0x0800c876       0x94 ./Drivers/STM32H7xx_HAL_Driver/Src/stm32h7xx_hal_pcd.o
                0x0800c876                HAL_PCD_EP_Close
 .text.HAL_PCD_EP_Receive
                0x0800c90a       0x76 ./Drivers/STM32H7xx_HAL_Driver/Src/stm32h7xx_hal_pcd.o
                0x0800c90a                HAL_PCD_EP_Receive
 .text.HAL_PCD_EP_GetRxCount
                0x0800c980       0x30 ./Drivers/STM32H7xx_HAL_Driver/Src/stm32h7xx_hal_pcd.o
                0x0800c980                HAL_PCD_EP_GetRxCount
 .text.HAL_PCD_EP_Transmit
                0x0800c9b0       0x74 ./Drivers/STM32H7xx_HAL_Driver/Src/stm32h7xx_hal_pcd.o
                0x0800c9b0                HAL_PCD_EP_Transmit
 .text.HAL_PCD_EP_SetStall
                0x0800ca24       0xc6 ./Drivers/STM32H7xx_HAL_Driver/Src/stm32h7xx_hal_pcd.o
                0x0800ca24                HAL_PCD_EP_SetStall
 .text.HAL_PCD_EP_ClrStall
                0x0800caea       0xac ./Drivers/STM32H7xx_HAL_Driver/Src/stm32h7xx_hal_pcd.o
                0x0800caea                HAL_PCD_EP_ClrStall
 .text.HAL_PCD_EP_Abort
                0x0800cb96       0x62 ./Drivers/STM32H7xx_HAL_Driver/Src/stm32h7xx_hal_pcd.o
                0x0800cb96                HAL_PCD_EP_Abort
 .text.PCD_WriteEmptyTxFifo
                0x0800cbf8      0x118 ./Drivers/STM32H7xx_HAL_Driver/Src/stm32h7xx_hal_pcd.o
 .text.PCD_EP_OutXfrComplete_int
                0x0800cd10      0x1d0 ./Drivers/STM32H7xx_HAL_Driver/Src/stm32h7xx_hal_pcd.o
 .text.PCD_EP_OutSetupPacket_int
                0x0800cee0       0x8c ./Drivers/STM32H7xx_HAL_Driver/Src/stm32h7xx_hal_pcd.o
 .text.HAL_PCDEx_SetTxFiFo
                0x0800cf6c       0x8e ./Drivers/STM32H7xx_HAL_Driver/Src/stm32h7xx_hal_pcd_ex.o
                0x0800cf6c                HAL_PCDEx_SetTxFiFo
 .text.HAL_PCDEx_SetRxFiFo
                0x0800cffa       0x22 ./Drivers/STM32H7xx_HAL_Driver/Src/stm32h7xx_hal_pcd_ex.o
                0x0800cffa                HAL_PCDEx_SetRxFiFo
 .text.HAL_PCDEx_ActivateLPM
                0x0800d01c       0x48 ./Drivers/STM32H7xx_HAL_Driver/Src/stm32h7xx_hal_pcd_ex.o
                0x0800d01c                HAL_PCDEx_ActivateLPM
 .text.HAL_PCDEx_LPM_Callback
                0x0800d064       0x18 ./Drivers/STM32H7xx_HAL_Driver/Src/stm32h7xx_hal_pcd_ex.o
                0x0800d064                HAL_PCDEx_LPM_Callback
 .text.HAL_PWREx_ConfigSupply
                0x0800d07c       0x74 ./Drivers/STM32H7xx_HAL_Driver/Src/stm32h7xx_hal_pwr_ex.o
                0x0800d07c                HAL_PWREx_ConfigSupply
 .text.HAL_PWREx_EnableUSBVoltageDetector
                0x0800d0f0       0x20 ./Drivers/STM32H7xx_HAL_Driver/Src/stm32h7xx_hal_pwr_ex.o
                0x0800d0f0                HAL_PWREx_EnableUSBVoltageDetector
 .text.HAL_RCC_OscConfig
                0x0800d110      0x8b4 ./Drivers/STM32H7xx_HAL_Driver/Src/stm32h7xx_hal_rcc.o
                0x0800d110                HAL_RCC_OscConfig
 .text.HAL_RCC_ClockConfig
                0x0800d9c4      0x36c ./Drivers/STM32H7xx_HAL_Driver/Src/stm32h7xx_hal_rcc.o
                0x0800d9c4                HAL_RCC_ClockConfig
 .text.HAL_RCC_GetSysClockFreq
                0x0800dd30      0x2f4 ./Drivers/STM32H7xx_HAL_Driver/Src/stm32h7xx_hal_rcc.o
                0x0800dd30                HAL_RCC_GetSysClockFreq
 .text.HAL_RCC_GetHCLKFreq
                0x0800e024       0x60 ./Drivers/STM32H7xx_HAL_Driver/Src/stm32h7xx_hal_rcc.o
                0x0800e024                HAL_RCC_GetHCLKFreq
 .text.HAL_RCC_GetPCLK1Freq
                0x0800e084       0x2c ./Drivers/STM32H7xx_HAL_Driver/Src/stm32h7xx_hal_rcc.o
                0x0800e084                HAL_RCC_GetPCLK1Freq
 .text.HAL_RCC_GetPCLK2Freq
                0x0800e0b0       0x2c ./Drivers/STM32H7xx_HAL_Driver/Src/stm32h7xx_hal_rcc.o
                0x0800e0b0                HAL_RCC_GetPCLK2Freq
 .text.HAL_RCCEx_PeriphCLKConfig
                0x0800e0dc     0x1414 ./Drivers/STM32H7xx_HAL_Driver/Src/stm32h7xx_hal_rcc_ex.o
                0x0800e0dc                HAL_RCCEx_PeriphCLKConfig
 .text.HAL_RCCEx_GetD3PCLK1Freq
                0x0800f4f0       0x2c ./Drivers/STM32H7xx_HAL_Driver/Src/stm32h7xx_hal_rcc_ex.o
                0x0800f4f0                HAL_RCCEx_GetD3PCLK1Freq
 .text.HAL_RCCEx_GetPLL2ClockFreq
                0x0800f51c      0x2a8 ./Drivers/STM32H7xx_HAL_Driver/Src/stm32h7xx_hal_rcc_ex.o
                0x0800f51c                HAL_RCCEx_GetPLL2ClockFreq
 .text.HAL_RCCEx_GetPLL3ClockFreq
                0x0800f7c4      0x2a8 ./Drivers/STM32H7xx_HAL_Driver/Src/stm32h7xx_hal_rcc_ex.o
                0x0800f7c4                HAL_RCCEx_GetPLL3ClockFreq
 .text.RCCEx_PLL2_Config
                0x0800fa6c      0x164 ./Drivers/STM32H7xx_HAL_Driver/Src/stm32h7xx_hal_rcc_ex.o
 .text.RCCEx_PLL3_Config
                0x0800fbd0      0x164 ./Drivers/STM32H7xx_HAL_Driver/Src/stm32h7xx_hal_rcc_ex.o
 .text.HAL_SPI_Init
                0x0800fd34      0x248 ./Drivers/STM32H7xx_HAL_Driver/Src/stm32h7xx_hal_spi.o
                0x0800fd34                HAL_SPI_Init
 .text.HAL_SPI_Transmit
                0x0800ff7c      0x3dc ./Drivers/STM32H7xx_HAL_Driver/Src/stm32h7xx_hal_spi.o
                0x0800ff7c                HAL_SPI_Transmit
 .text.HAL_SPI_Receive
                0x08010358      0x4e4 ./Drivers/STM32H7xx_HAL_Driver/Src/stm32h7xx_hal_spi.o
                0x08010358                HAL_SPI_Receive
 .text.SPI_CloseTransfer
                0x0801083c      0x140 ./Drivers/STM32H7xx_HAL_Driver/Src/stm32h7xx_hal_spi.o
 .text.SPI_WaitOnFlagUntilTimeout
                0x0801097c       0x5c ./Drivers/STM32H7xx_HAL_Driver/Src/stm32h7xx_hal_spi.o
 .text.SPI_GetPacketSize
                0x080109d8       0x36 ./Drivers/STM32H7xx_HAL_Driver/Src/stm32h7xx_hal_spi.o
 .text.HAL_TIM_Base_Init
                0x08010a0e       0xae ./Drivers/STM32H7xx_HAL_Driver/Src/stm32h7xx_hal_tim.o
                0x08010a0e                HAL_TIM_Base_Init
 .text.HAL_TIM_Base_Start_IT
                0x08010abc       0xf0 ./Drivers/STM32H7xx_HAL_Driver/Src/stm32h7xx_hal_tim.o
                0x08010abc                HAL_TIM_Base_Start_IT
 .text.HAL_TIM_PWM_Init
                0x08010bac       0xae ./Drivers/STM32H7xx_HAL_Driver/Src/stm32h7xx_hal_tim.o
                0x08010bac                HAL_TIM_PWM_Init
 *fill*         0x08010c5a        0x2 
 .text.HAL_TIM_PWM_Start
                0x08010c5c      0x21c ./Drivers/STM32H7xx_HAL_Driver/Src/stm32h7xx_hal_tim.o
                0x08010c5c                HAL_TIM_PWM_Start
 .text.HAL_TIM_IRQHandler
                0x08010e78      0x20e ./Drivers/STM32H7xx_HAL_Driver/Src/stm32h7xx_hal_tim.o
                0x08010e78                HAL_TIM_IRQHandler
 *fill*         0x08011086        0x2 
 .text.HAL_TIM_PWM_ConfigChannel
                0x08011088      0x228 ./Drivers/STM32H7xx_HAL_Driver/Src/stm32h7xx_hal_tim.o
                0x08011088                HAL_TIM_PWM_ConfigChannel
 .text.HAL_TIM_ConfigClockSource
                0x080112b0      0x1f0 ./Drivers/STM32H7xx_HAL_Driver/Src/stm32h7xx_hal_tim.o
                0x080112b0                HAL_TIM_ConfigClockSource
 .text.HAL_TIM_PeriodElapsedCallback
                0x080114a0       0x14 ./Drivers/STM32H7xx_HAL_Driver/Src/stm32h7xx_hal_tim.o
                0x080114a0                HAL_TIM_PeriodElapsedCallback
 .text.HAL_TIM_OC_DelayElapsedCallback
                0x080114b4       0x14 ./Drivers/STM32H7xx_HAL_Driver/Src/stm32h7xx_hal_tim.o
                0x080114b4                HAL_TIM_OC_DelayElapsedCallback
 .text.HAL_TIM_IC_CaptureCallback
                0x080114c8       0x14 ./Drivers/STM32H7xx_HAL_Driver/Src/stm32h7xx_hal_tim.o
                0x080114c8                HAL_TIM_IC_CaptureCallback
 .text.HAL_TIM_PWM_PulseFinishedCallback
                0x080114dc       0x14 ./Drivers/STM32H7xx_HAL_Driver/Src/stm32h7xx_hal_tim.o
                0x080114dc                HAL_TIM_PWM_PulseFinishedCallback
 .text.HAL_TIM_TriggerCallback
                0x080114f0       0x14 ./Drivers/STM32H7xx_HAL_Driver/Src/stm32h7xx_hal_tim.o
                0x080114f0                HAL_TIM_TriggerCallback
 .text.TIM_Base_SetConfig
                0x08011504      0x140 ./Drivers/STM32H7xx_HAL_Driver/Src/stm32h7xx_hal_tim.o
                0x08011504                TIM_Base_SetConfig
 .text.TIM_OC1_SetConfig
                0x08011644      0x120 ./Drivers/STM32H7xx_HAL_Driver/Src/stm32h7xx_hal_tim.o
 .text.TIM_OC2_SetConfig
                0x08011764      0x114 ./Drivers/STM32H7xx_HAL_Driver/Src/stm32h7xx_hal_tim.o
                0x08011764                TIM_OC2_SetConfig
 .text.TIM_OC3_SetConfig
                0x08011878      0x110 ./Drivers/STM32H7xx_HAL_Driver/Src/stm32h7xx_hal_tim.o
 .text.TIM_OC4_SetConfig
                0x08011988       0xd4 ./Drivers/STM32H7xx_HAL_Driver/Src/stm32h7xx_hal_tim.o
 .text.TIM_OC5_SetConfig
                0x08011a5c       0xc8 ./Drivers/STM32H7xx_HAL_Driver/Src/stm32h7xx_hal_tim.o
 .text.TIM_OC6_SetConfig
                0x08011b24       0xcc ./Drivers/STM32H7xx_HAL_Driver/Src/stm32h7xx_hal_tim.o
 .text.TIM_TI1_ConfigInputStage
                0x08011bf0       0x5e ./Drivers/STM32H7xx_HAL_Driver/Src/stm32h7xx_hal_tim.o
 .text.TIM_TI2_ConfigInputStage
                0x08011c4e       0x60 ./Drivers/STM32H7xx_HAL_Driver/Src/stm32h7xx_hal_tim.o
 *fill*         0x08011cae        0x2 
 .text.TIM_ITRx_SetConfig
                0x08011cb0       0x3c ./Drivers/STM32H7xx_HAL_Driver/Src/stm32h7xx_hal_tim.o
 .text.TIM_ETR_SetConfig
                0x08011cec       0x40 ./Drivers/STM32H7xx_HAL_Driver/Src/stm32h7xx_hal_tim.o
                0x08011cec                TIM_ETR_SetConfig
 .text.TIM_CCxChannelCmd
                0x08011d2c       0x4a ./Drivers/STM32H7xx_HAL_Driver/Src/stm32h7xx_hal_tim.o
                0x08011d2c                TIM_CCxChannelCmd
 *fill*         0x08011d76        0x2 
 .text.HAL_TIMEx_MasterConfigSynchronization
                0x08011d78      0x11c ./Drivers/STM32H7xx_HAL_Driver/Src/stm32h7xx_hal_tim_ex.o
                0x08011d78                HAL_TIMEx_MasterConfigSynchronization
 .text.HAL_TIMEx_ConfigBreakDeadTime
                0x08011e94       0xfc ./Drivers/STM32H7xx_HAL_Driver/Src/stm32h7xx_hal_tim_ex.o
                0x08011e94                HAL_TIMEx_ConfigBreakDeadTime
 .text.HAL_TIMEx_CommutCallback
                0x08011f90       0x14 ./Drivers/STM32H7xx_HAL_Driver/Src/stm32h7xx_hal_tim_ex.o
                0x08011f90                HAL_TIMEx_CommutCallback
 .text.HAL_TIMEx_BreakCallback
                0x08011fa4       0x14 ./Drivers/STM32H7xx_HAL_Driver/Src/stm32h7xx_hal_tim_ex.o
                0x08011fa4                HAL_TIMEx_BreakCallback
 .text.HAL_TIMEx_Break2Callback
                0x08011fb8       0x14 ./Drivers/STM32H7xx_HAL_Driver/Src/stm32h7xx_hal_tim_ex.o
                0x08011fb8                HAL_TIMEx_Break2Callback
 .text.HAL_UART_Init
                0x08011fcc       0xa0 ./Drivers/STM32H7xx_HAL_Driver/Src/stm32h7xx_hal_uart.o
                0x08011fcc                HAL_UART_Init
 .text.HAL_UART_Transmit
                0x0801206c      0x11c ./Drivers/STM32H7xx_HAL_Driver/Src/stm32h7xx_hal_uart.o
                0x0801206c                HAL_UART_Transmit
 .text.HAL_UART_Receive_DMA
                0x08012188       0x98 ./Drivers/STM32H7xx_HAL_Driver/Src/stm32h7xx_hal_uart.o
                0x08012188                HAL_UART_Receive_DMA
 .text.HAL_UART_IRQHandler
                0x08012220      0x7ac ./Drivers/STM32H7xx_HAL_Driver/Src/stm32h7xx_hal_uart.o
                0x08012220                HAL_UART_IRQHandler
 .text.HAL_UART_TxCpltCallback
                0x080129cc       0x14 ./Drivers/STM32H7xx_HAL_Driver/Src/stm32h7xx_hal_uart.o
                0x080129cc                HAL_UART_TxCpltCallback
 .text.HAL_UART_RxHalfCpltCallback
                0x080129e0       0x14 ./Drivers/STM32H7xx_HAL_Driver/Src/stm32h7xx_hal_uart.o
                0x080129e0                HAL_UART_RxHalfCpltCallback
 .text.HAL_UART_ErrorCallback
                0x080129f4       0x14 ./Drivers/STM32H7xx_HAL_Driver/Src/stm32h7xx_hal_uart.o
                0x080129f4                HAL_UART_ErrorCallback
 .text.HAL_UARTEx_RxEventCallback
                0x08012a08       0x18 ./Drivers/STM32H7xx_HAL_Driver/Src/stm32h7xx_hal_uart.o
                0x08012a08                HAL_UARTEx_RxEventCallback
 .text.UART_SetConfig
                0x08012a20      0xad0 ./Drivers/STM32H7xx_HAL_Driver/Src/stm32h7xx_hal_uart.o
                0x08012a20                UART_SetConfig
 .text.UART_AdvFeatureConfig
                0x080134f0      0x144 ./Drivers/STM32H7xx_HAL_Driver/Src/stm32h7xx_hal_uart.o
                0x080134f0                UART_AdvFeatureConfig
 .text.UART_CheckIdleState
                0x08013634      0x154 ./Drivers/STM32H7xx_HAL_Driver/Src/stm32h7xx_hal_uart.o
                0x08013634                UART_CheckIdleState
 .text.UART_WaitOnFlagUntilTimeout
                0x08013788       0xda ./Drivers/STM32H7xx_HAL_Driver/Src/stm32h7xx_hal_uart.o
                0x08013788                UART_WaitOnFlagUntilTimeout
 *fill*         0x08013862        0x2 
 .text.UART_Start_Receive_DMA
                0x08013864      0x14c ./Drivers/STM32H7xx_HAL_Driver/Src/stm32h7xx_hal_uart.o
                0x08013864                UART_Start_Receive_DMA
 .text.UART_EndTxTransfer
                0x080139b0       0x82 ./Drivers/STM32H7xx_HAL_Driver/Src/stm32h7xx_hal_uart.o
 *fill*         0x08013a32        0x2 
 .text.UART_EndRxTransfer
                0x08013a34       0xcc ./Drivers/STM32H7xx_HAL_Driver/Src/stm32h7xx_hal_uart.o
 .text.UART_DMAReceiveCplt
                0x08013b00      0x128 ./Drivers/STM32H7xx_HAL_Driver/Src/stm32h7xx_hal_uart.o
 .text.UART_DMARxHalfCplt
                0x08013c28       0x3e ./Drivers/STM32H7xx_HAL_Driver/Src/stm32h7xx_hal_uart.o
 .text.UART_DMAError
                0x08013c66       0x80 ./Drivers/STM32H7xx_HAL_Driver/Src/stm32h7xx_hal_uart.o
 .text.UART_DMAAbortOnError
                0x08013ce6       0x24 ./Drivers/STM32H7xx_HAL_Driver/Src/stm32h7xx_hal_uart.o
 .text.UART_EndTransmit_IT
                0x08013d0a       0x56 ./Drivers/STM32H7xx_HAL_Driver/Src/stm32h7xx_hal_uart.o
 .text.HAL_UARTEx_WakeupCallback
                0x08013d60       0x14 ./Drivers/STM32H7xx_HAL_Driver/Src/stm32h7xx_hal_uart_ex.o
                0x08013d60                HAL_UARTEx_WakeupCallback
 .text.HAL_UARTEx_RxFifoFullCallback
                0x08013d74       0x14 ./Drivers/STM32H7xx_HAL_Driver/Src/stm32h7xx_hal_uart_ex.o
                0x08013d74                HAL_UARTEx_RxFifoFullCallback
 .text.HAL_UARTEx_TxFifoEmptyCallback
                0x08013d88       0x14 ./Drivers/STM32H7xx_HAL_Driver/Src/stm32h7xx_hal_uart_ex.o
                0x08013d88                HAL_UARTEx_TxFifoEmptyCallback
 .text.HAL_UARTEx_EnableFifoMode
                0x08013d9c       0x76 ./Drivers/STM32H7xx_HAL_Driver/Src/stm32h7xx_hal_uart_ex.o
                0x08013d9c                HAL_UARTEx_EnableFifoMode
 .text.HAL_UARTEx_SetTxFifoThreshold
                0x08013e12       0x7c ./Drivers/STM32H7xx_HAL_Driver/Src/stm32h7xx_hal_uart_ex.o
                0x08013e12                HAL_UARTEx_SetTxFifoThreshold
 .text.HAL_UARTEx_SetRxFifoThreshold
                0x08013e8e       0x7c ./Drivers/STM32H7xx_HAL_Driver/Src/stm32h7xx_hal_uart_ex.o
                0x08013e8e                HAL_UARTEx_SetRxFifoThreshold
 *fill*         0x08013f0a        0x2 
 .text.UARTEx_SetNbDataToProcess
                0x08013f0c       0x9c ./Drivers/STM32H7xx_HAL_Driver/Src/stm32h7xx_hal_uart_ex.o
 .text.USB_CoreInit
                0x08013fa8       0xe4 ./Drivers/STM32H7xx_HAL_Driver/Src/stm32h7xx_ll_usb.o
                0x08013fa8                USB_CoreInit
 .text.USB_SetTurnaroundTime
                0x0801408c      0x144 ./Drivers/STM32H7xx_HAL_Driver/Src/stm32h7xx_ll_usb.o
                0x0801408c                USB_SetTurnaroundTime
 .text.USB_EnableGlobalInt
                0x080141d0       0x22 ./Drivers/STM32H7xx_HAL_Driver/Src/stm32h7xx_ll_usb.o
                0x080141d0                USB_EnableGlobalInt
 .text.USB_DisableGlobalInt
                0x080141f2       0x22 ./Drivers/STM32H7xx_HAL_Driver/Src/stm32h7xx_ll_usb.o
                0x080141f2                USB_DisableGlobalInt
 .text.USB_SetCurrentMode
                0x08014214       0x98 ./Drivers/STM32H7xx_HAL_Driver/Src/stm32h7xx_ll_usb.o
                0x08014214                USB_SetCurrentMode
 .text.USB_DevInit
                0x080142ac      0x2bc ./Drivers/STM32H7xx_HAL_Driver/Src/stm32h7xx_ll_usb.o
                0x080142ac                USB_DevInit
 .text.USB_FlushTxFifo
                0x08014568       0x64 ./Drivers/STM32H7xx_HAL_Driver/Src/stm32h7xx_ll_usb.o
                0x08014568                USB_FlushTxFifo
 .text.USB_FlushRxFifo
                0x080145cc       0x5c ./Drivers/STM32H7xx_HAL_Driver/Src/stm32h7xx_ll_usb.o
                0x080145cc                USB_FlushRxFifo
 .text.USB_SetDevSpeed
                0x08014628       0x32 ./Drivers/STM32H7xx_HAL_Driver/Src/stm32h7xx_ll_usb.o
                0x08014628                USB_SetDevSpeed
 .text.USB_GetDevSpeed
                0x0801465a       0x4a ./Drivers/STM32H7xx_HAL_Driver/Src/stm32h7xx_ll_usb.o
                0x0801465a                USB_GetDevSpeed
 .text.USB_ActivateEndpoint
                0x080146a4      0x110 ./Drivers/STM32H7xx_HAL_Driver/Src/stm32h7xx_ll_usb.o
                0x080146a4                USB_ActivateEndpoint
 .text.USB_DeactivateEndpoint
                0x080147b4      0x1b8 ./Drivers/STM32H7xx_HAL_Driver/Src/stm32h7xx_ll_usb.o
                0x080147b4                USB_DeactivateEndpoint
 .text.USB_EPStartXfer
                0x0801496c      0x548 ./Drivers/STM32H7xx_HAL_Driver/Src/stm32h7xx_ll_usb.o
                0x0801496c                USB_EPStartXfer
 .text.USB_EPStopXfer
                0x08014eb4      0x154 ./Drivers/STM32H7xx_HAL_Driver/Src/stm32h7xx_ll_usb.o
                0x08014eb4                USB_EPStopXfer
 .text.USB_WritePacket
                0x08015008       0x7c ./Drivers/STM32H7xx_HAL_Driver/Src/stm32h7xx_ll_usb.o
                0x08015008                USB_WritePacket
 .text.USB_ReadPacket
                0x08015084       0xb0 ./Drivers/STM32H7xx_HAL_Driver/Src/stm32h7xx_ll_usb.o
                0x08015084                USB_ReadPacket
 .text.USB_EPSetStall
                0x08015134       0xdc ./Drivers/STM32H7xx_HAL_Driver/Src/stm32h7xx_ll_usb.o
                0x08015134                USB_EPSetStall
 .text.USB_EPClearStall
                0x08015210       0xcc ./Drivers/STM32H7xx_HAL_Driver/Src/stm32h7xx_ll_usb.o
                0x08015210                USB_EPClearStall
 .text.USB_SetDevAddress
                0x080152dc       0x4c ./Drivers/STM32H7xx_HAL_Driver/Src/stm32h7xx_ll_usb.o
                0x080152dc                USB_SetDevAddress
 .text.USB_DevConnect
                0x08015328       0x42 ./Drivers/STM32H7xx_HAL_Driver/Src/stm32h7xx_ll_usb.o
                0x08015328                USB_DevConnect
 .text.USB_DevDisconnect
                0x0801536a       0x42 ./Drivers/STM32H7xx_HAL_Driver/Src/stm32h7xx_ll_usb.o
                0x0801536a                USB_DevDisconnect
 .text.USB_ReadInterrupts
                0x080153ac       0x26 ./Drivers/STM32H7xx_HAL_Driver/Src/stm32h7xx_ll_usb.o
                0x080153ac                USB_ReadInterrupts
 .text.USB_ReadDevAllOutEpInterrupt
                0x080153d2       0x34 ./Drivers/STM32H7xx_HAL_Driver/Src/stm32h7xx_ll_usb.o
                0x080153d2                USB_ReadDevAllOutEpInterrupt
 .text.USB_ReadDevAllInEpInterrupt
                0x08015406       0x34 ./Drivers/STM32H7xx_HAL_Driver/Src/stm32h7xx_ll_usb.o
                0x08015406                USB_ReadDevAllInEpInterrupt
 .text.USB_ReadDevOutEPInterrupt
                0x0801543a       0x3c ./Drivers/STM32H7xx_HAL_Driver/Src/stm32h7xx_ll_usb.o
                0x0801543a                USB_ReadDevOutEPInterrupt
 .text.USB_ReadDevInEPInterrupt
                0x08015476       0x5c ./Drivers/STM32H7xx_HAL_Driver/Src/stm32h7xx_ll_usb.o
                0x08015476                USB_ReadDevInEPInterrupt
 .text.USB_GetMode
                0x080154d2       0x1c ./Drivers/STM32H7xx_HAL_Driver/Src/stm32h7xx_ll_usb.o
                0x080154d2                USB_GetMode
 *fill*         0x080154ee        0x2 
 .text.USB_ActivateSetup
                0x080154f0       0x48 ./Drivers/STM32H7xx_HAL_Driver/Src/stm32h7xx_ll_usb.o
                0x080154f0                USB_ActivateSetup
 .text.USB_EP0_OutStart
                0x08015538       0xbc ./Drivers/STM32H7xx_HAL_Driver/Src/stm32h7xx_ll_usb.o
                0x08015538                USB_EP0_OutStart
 .text.USB_CoreReset
                0x080155f4       0x62 ./Drivers/STM32H7xx_HAL_Driver/Src/stm32h7xx_ll_usb.o
 .text.XBEE_Init
                0x08015656       0xa6 ./Drivers/XBEE_Driver/Src/XBEE.o
                0x08015656                XBEE_Init
 .text.XBEE_RXPacket
                0x080156fc       0xe0 ./Drivers/XBEE_Driver/Src/XBEE.o
                0x080156fc                XBEE_RXPacket
 .text.XBEE_TXPacket
                0x080157dc       0xd4 ./Drivers/XBEE_Driver/Src/XBEE.o
                0x080157dc                XBEE_TXPacket
 .text.XBEE_RX_DMACallback
                0x080158b0      0x174 ./Drivers/XBEE_Driver/Src/XBEE.o
                0x080158b0                XBEE_RX_DMACallback
 .text.USBD_CDC_Init
                0x08015a24      0x1f0 ./Middlewares/ST/STM32_USB_Device_Library/Class/CDC/Src/usbd_cdc.o
 .text.USBD_CDC_DeInit
                0x08015c14      0x104 ./Middlewares/ST/STM32_USB_Device_Library/Class/CDC/Src/usbd_cdc.o
 .text.USBD_CDC_Setup
                0x08015d18      0x1b8 ./Middlewares/ST/STM32_USB_Device_Library/Class/CDC/Src/usbd_cdc.o
 .text.USBD_CDC_DataIn
                0x08015ed0       0xfe ./Middlewares/ST/STM32_USB_Device_Library/Class/CDC/Src/usbd_cdc.o
 .text.USBD_CDC_DataOut
                0x08015fce       0x70 ./Middlewares/ST/STM32_USB_Device_Library/Class/CDC/Src/usbd_cdc.o
 .text.USBD_CDC_EP0_RxReady
                0x0801603e       0x74 ./Middlewares/ST/STM32_USB_Device_Library/Class/CDC/Src/usbd_cdc.o
 *fill*         0x080160b2        0x2 
 .text.USBD_CDC_GetFSCfgDesc
                0x080160b4       0x70 ./Middlewares/ST/STM32_USB_Device_Library/Class/CDC/Src/usbd_cdc.o
 .text.USBD_CDC_GetHSCfgDesc
                0x08016124       0x70 ./Middlewares/ST/STM32_USB_Device_Library/Class/CDC/Src/usbd_cdc.o
 .text.USBD_CDC_GetOtherSpeedCfgDesc
                0x08016194       0x70 ./Middlewares/ST/STM32_USB_Device_Library/Class/CDC/Src/usbd_cdc.o
 .text.USBD_CDC_GetDeviceQualifierDescriptor
                0x08016204       0x20 ./Middlewares/ST/STM32_USB_Device_Library/Class/CDC/Src/usbd_cdc.o
                0x08016204                USBD_CDC_GetDeviceQualifierDescriptor
 .text.USBD_CDC_RegisterInterface
                0x08016224       0x34 ./Middlewares/ST/STM32_USB_Device_Library/Class/CDC/Src/usbd_cdc.o
                0x08016224                USBD_CDC_RegisterInterface
 .text.USBD_CDC_SetTxBuffer
                0x08016258       0x44 ./Middlewares/ST/STM32_USB_Device_Library/Class/CDC/Src/usbd_cdc.o
                0x08016258                USBD_CDC_SetTxBuffer
 .text.USBD_CDC_SetRxBuffer
                0x0801629c       0x3a ./Middlewares/ST/STM32_USB_Device_Library/Class/CDC/Src/usbd_cdc.o
                0x0801629c                USBD_CDC_SetRxBuffer
 *fill*         0x080162d6        0x2 
 .text.USBD_CDC_TransmitPacket
                0x080162d8       0x80 ./Middlewares/ST/STM32_USB_Device_Library/Class/CDC/Src/usbd_cdc.o
                0x080162d8                USBD_CDC_TransmitPacket
 .text.USBD_CDC_ReceivePacket
                0x08016358       0x6c ./Middlewares/ST/STM32_USB_Device_Library/Class/CDC/Src/usbd_cdc.o
                0x08016358                USBD_CDC_ReceivePacket
 .text.USBD_Init
                0x080163c4       0x60 ./Middlewares/ST/STM32_USB_Device_Library/Core/Src/usbd_core.o
                0x080163c4                USBD_Init
 .text.USBD_RegisterClass
                0x08016424       0x6c ./Middlewares/ST/STM32_USB_Device_Library/Core/Src/usbd_core.o
                0x08016424                USBD_RegisterClass
 .text.USBD_Start
                0x08016490       0x18 ./Middlewares/ST/STM32_USB_Device_Library/Core/Src/usbd_core.o
                0x08016490                USBD_Start
 .text.USBD_RunTestMode
                0x080164a8       0x16 ./Middlewares/ST/STM32_USB_Device_Library/Core/Src/usbd_core.o
                0x080164a8                USBD_RunTestMode
 .text.USBD_SetClassConfig
                0x080164be       0x38 ./Middlewares/ST/STM32_USB_Device_Library/Core/Src/usbd_core.o
                0x080164be                USBD_SetClassConfig
 .text.USBD_ClrClassConfig
                0x080164f6       0x34 ./Middlewares/ST/STM32_USB_Device_Library/Core/Src/usbd_core.o
                0x080164f6                USBD_ClrClassConfig
 .text.USBD_LL_SetupStage
                0x0801652a       0xaa ./Middlewares/ST/STM32_USB_Device_Library/Core/Src/usbd_core.o
                0x0801652a                USBD_LL_SetupStage
 .text.USBD_LL_DataOutStage
                0x080165d4      0x166 ./Middlewares/ST/STM32_USB_Device_Library/Core/Src/usbd_core.o
                0x080165d4                USBD_LL_DataOutStage
 .text.USBD_LL_DataInStage
                0x0801673a      0x164 ./Middlewares/ST/STM32_USB_Device_Library/Core/Src/usbd_core.o
                0x0801673a                USBD_LL_DataInStage
 .text.USBD_LL_Reset
                0x0801689e       0xa4 ./Middlewares/ST/STM32_USB_Device_Library/Core/Src/usbd_core.o
                0x0801689e                USBD_LL_Reset
 .text.USBD_LL_SetSpeed
                0x08016942       0x20 ./Middlewares/ST/STM32_USB_Device_Library/Core/Src/usbd_core.o
                0x08016942                USBD_LL_SetSpeed
 .text.USBD_LL_Suspend
                0x08016962       0x38 ./Middlewares/ST/STM32_USB_Device_Library/Core/Src/usbd_core.o
                0x08016962                USBD_LL_Suspend
 .text.USBD_LL_Resume
                0x0801699a       0x30 ./Middlewares/ST/STM32_USB_Device_Library/Core/Src/usbd_core.o
                0x0801699a                USBD_LL_Resume
 .text.USBD_LL_SOF
                0x080169ca       0x40 ./Middlewares/ST/STM32_USB_Device_Library/Core/Src/usbd_core.o
                0x080169ca                USBD_LL_SOF
 .text.USBD_LL_IsoINIncomplete
                0x08016a0a       0x64 ./Middlewares/ST/STM32_USB_Device_Library/Core/Src/usbd_core.o
                0x08016a0a                USBD_LL_IsoINIncomplete
 .text.USBD_LL_IsoOUTIncomplete
                0x08016a6e       0x64 ./Middlewares/ST/STM32_USB_Device_Library/Core/Src/usbd_core.o
                0x08016a6e                USBD_LL_IsoOUTIncomplete
 .text.USBD_LL_DevConnected
                0x08016ad2       0x16 ./Middlewares/ST/STM32_USB_Device_Library/Core/Src/usbd_core.o
                0x08016ad2                USBD_LL_DevConnected
 .text.USBD_LL_DevDisconnected
                0x08016ae8       0x46 ./Middlewares/ST/STM32_USB_Device_Library/Core/Src/usbd_core.o
                0x08016ae8                USBD_LL_DevDisconnected
 .text.USBD_CoreFindIF
                0x08016b2e       0x1a ./Middlewares/ST/STM32_USB_Device_Library/Core/Src/usbd_core.o
                0x08016b2e                USBD_CoreFindIF
 .text.USBD_CoreFindEP
                0x08016b48       0x1a ./Middlewares/ST/STM32_USB_Device_Library/Core/Src/usbd_core.o
                0x08016b48                USBD_CoreFindEP
 .text.USBD_GetEpDesc
                0x08016b62       0x70 ./Middlewares/ST/STM32_USB_Device_Library/Core/Src/usbd_core.o
                0x08016b62                USBD_GetEpDesc
 .text.USBD_GetNextDesc
                0x08016bd2       0x38 ./Middlewares/ST/STM32_USB_Device_Library/Core/Src/usbd_core.o
                0x08016bd2                USBD_GetNextDesc
 .text.SWAPBYTE
                0x08016c0a       0x3e ./Middlewares/ST/STM32_USB_Device_Library/Core/Src/usbd_ctlreq.o
 .text.USBD_StdDevReq
                0x08016c48       0xe4 ./Middlewares/ST/STM32_USB_Device_Library/Core/Src/usbd_ctlreq.o
                0x08016c48                USBD_StdDevReq
 .text.USBD_StdItfReq
                0x08016d2c       0xd8 ./Middlewares/ST/STM32_USB_Device_Library/Core/Src/usbd_ctlreq.o
                0x08016d2c                USBD_StdItfReq
 .text.USBD_StdEPReq
                0x08016e04      0x33a ./Middlewares/ST/STM32_USB_Device_Library/Core/Src/usbd_ctlreq.o
                0x08016e04                USBD_StdEPReq
 *fill*         0x0801713e        0x2 
 .text.USBD_GetDescriptor
                0x08017140      0x328 ./Middlewares/ST/STM32_USB_Device_Library/Core/Src/usbd_ctlreq.o
 .text.USBD_SetAddress
                0x08017468       0x88 ./Middlewares/ST/STM32_USB_Device_Library/Core/Src/usbd_ctlreq.o
 .text.USBD_SetConfig
                0x080174f0      0x154 ./Middlewares/ST/STM32_USB_Device_Library/Core/Src/usbd_ctlreq.o
 .text.USBD_GetConfig
                0x08017644       0x6c ./Middlewares/ST/STM32_USB_Device_Library/Core/Src/usbd_ctlreq.o
 .text.USBD_GetStatus
                0x080176b0       0x68 ./Middlewares/ST/STM32_USB_Device_Library/Core/Src/usbd_ctlreq.o
 .text.USBD_SetFeature
                0x08017718       0x52 ./Middlewares/ST/STM32_USB_Device_Library/Core/Src/usbd_ctlreq.o
 .text.USBD_ClrFeature
                0x0801776a       0x44 ./Middlewares/ST/STM32_USB_Device_Library/Core/Src/usbd_ctlreq.o
 .text.USBD_ParseSetupRequest
                0x080177ae       0x74 ./Middlewares/ST/STM32_USB_Device_Library/Core/Src/usbd_ctlreq.o
                0x080177ae                USBD_ParseSetupRequest
 .text.USBD_CtlError
                0x08017822       0x22 ./Middlewares/ST/STM32_USB_Device_Library/Core/Src/usbd_ctlreq.o
                0x08017822                USBD_CtlError
 .text.USBD_GetString
                0x08017844       0xa4 ./Middlewares/ST/STM32_USB_Device_Library/Core/Src/usbd_ctlreq.o
                0x08017844                USBD_GetString
 .text.USBD_GetLen
                0x080178e8       0x34 ./Middlewares/ST/STM32_USB_Device_Library/Core/Src/usbd_ctlreq.o
 .text.USBD_CtlSendData
                0x0801791c       0x36 ./Middlewares/ST/STM32_USB_Device_Library/Core/Src/usbd_ioreq.o
                0x0801791c                USBD_CtlSendData
 .text.USBD_CtlContinueSendData
                0x08017952       0x22 ./Middlewares/ST/STM32_USB_Device_Library/Core/Src/usbd_ioreq.o
                0x08017952                USBD_CtlContinueSendData
 .text.USBD_CtlPrepareRx
                0x08017974       0x3a ./Middlewares/ST/STM32_USB_Device_Library/Core/Src/usbd_ioreq.o
                0x08017974                USBD_CtlPrepareRx
 .text.USBD_CtlContinueRx
                0x080179ae       0x22 ./Middlewares/ST/STM32_USB_Device_Library/Core/Src/usbd_ioreq.o
                0x080179ae                USBD_CtlContinueRx
 .text.USBD_CtlSendStatus
                0x080179d0       0x26 ./Middlewares/ST/STM32_USB_Device_Library/Core/Src/usbd_ioreq.o
                0x080179d0                USBD_CtlSendStatus
 .text.USBD_CtlReceiveStatus
                0x080179f6       0x26 ./Middlewares/ST/STM32_USB_Device_Library/Core/Src/usbd_ioreq.o
                0x080179f6                USBD_CtlReceiveStatus
 .text.MX_USB_DEVICE_Init
                0x08017a1c       0x7c ./USB_DEVICE/App/usb_device.o
                0x08017a1c                MX_USB_DEVICE_Init
 .text.CDC_Init_FS
                0x08017a98       0x28 ./USB_DEVICE/App/usbd_cdc_if.o
 .text.CDC_DeInit_FS
                0x08017ac0       0x10 ./USB_DEVICE/App/usbd_cdc_if.o
 .text.CDC_Control_FS
                0x08017ad0       0xbc ./USB_DEVICE/App/usbd_cdc_if.o
 .text.CDC_Receive_FS
                0x08017b8c       0x64 ./USB_DEVICE/App/usbd_cdc_if.o
 .text.CDC_Transmit_FS
                0x08017bf0       0x4c ./USB_DEVICE/App/usbd_cdc_if.o
                0x08017bf0                CDC_Transmit_FS
 .text.CDC_TransmitCplt_FS
                0x08017c3c       0x22 ./USB_DEVICE/App/usbd_cdc_if.o
 *fill*         0x08017c5e        0x2 
 .text.USBD_FS_DeviceDescriptor
                0x08017c60       0x24 ./USB_DEVICE/App/usbd_desc.o
                0x08017c60                USBD_FS_DeviceDescriptor
 .text.USBD_FS_LangIDStrDescriptor
                0x08017c84       0x24 ./USB_DEVICE/App/usbd_desc.o
                0x08017c84                USBD_FS_LangIDStrDescriptor
 .text.USBD_FS_ProductStrDescriptor
                0x08017ca8       0x3c ./USB_DEVICE/App/usbd_desc.o
                0x08017ca8                USBD_FS_ProductStrDescriptor
 .text.USBD_FS_ManufacturerStrDescriptor
                0x08017ce4       0x28 ./USB_DEVICE/App/usbd_desc.o
                0x08017ce4                USBD_FS_ManufacturerStrDescriptor
 .text.USBD_FS_SerialStrDescriptor
                0x08017d0c       0x24 ./USB_DEVICE/App/usbd_desc.o
                0x08017d0c                USBD_FS_SerialStrDescriptor
 .text.USBD_FS_ConfigStrDescriptor
                0x08017d30       0x3c ./USB_DEVICE/App/usbd_desc.o
                0x08017d30                USBD_FS_ConfigStrDescriptor
 .text.USBD_FS_InterfaceStrDescriptor
                0x08017d6c       0x3c ./USB_DEVICE/App/usbd_desc.o
                0x08017d6c                USBD_FS_InterfaceStrDescriptor
 .text.Get_SerialNum
                0x08017da8       0x58 ./USB_DEVICE/App/usbd_desc.o
 .text.IntToUnicode
                0x08017e00       0x7e ./USB_DEVICE/App/usbd_desc.o
 *fill*         0x08017e7e        0x2 
 .text.HAL_PCD_MspInit
                0x08017e80       0xe8 ./USB_DEVICE/Target/usbd_conf.o
                0x08017e80                HAL_PCD_MspInit
 .text.HAL_PCD_SetupStageCallback
                0x08017f68       0x24 ./USB_DEVICE/Target/usbd_conf.o
                0x08017f68                HAL_PCD_SetupStageCallback
 .text.HAL_PCD_DataOutStageCallback
                0x08017f8c       0x36 ./USB_DEVICE/Target/usbd_conf.o
                0x08017f8c                HAL_PCD_DataOutStageCallback
 .text.HAL_PCD_DataInStageCallback
                0x08017fc2       0x34 ./USB_DEVICE/Target/usbd_conf.o
                0x08017fc2                HAL_PCD_DataInStageCallback
 .text.HAL_PCD_SOFCallback
                0x08017ff6       0x1c ./USB_DEVICE/Target/usbd_conf.o
                0x08017ff6                HAL_PCD_SOFCallback
 .text.HAL_PCD_ResetCallback
                0x08018012       0x50 ./USB_DEVICE/Target/usbd_conf.o
                0x08018012                HAL_PCD_ResetCallback
 *fill*         0x08018062        0x2 
 .text.HAL_PCD_SuspendCallback
                0x08018064       0x4c ./USB_DEVICE/Target/usbd_conf.o
                0x08018064                HAL_PCD_SuspendCallback
 .text.HAL_PCD_ResumeCallback
                0x080180b0       0x1c ./USB_DEVICE/Target/usbd_conf.o
                0x080180b0                HAL_PCD_ResumeCallback
 .text.HAL_PCD_ISOOUTIncompleteCallback
                0x080180cc       0x24 ./USB_DEVICE/Target/usbd_conf.o
                0x080180cc                HAL_PCD_ISOOUTIncompleteCallback
 .text.HAL_PCD_ISOINIncompleteCallback
                0x080180f0       0x24 ./USB_DEVICE/Target/usbd_conf.o
                0x080180f0                HAL_PCD_ISOINIncompleteCallback
 .text.HAL_PCD_ConnectCallback
                0x08018114       0x1c ./USB_DEVICE/Target/usbd_conf.o
                0x08018114                HAL_PCD_ConnectCallback
 .text.HAL_PCD_DisconnectCallback
                0x08018130       0x1c ./USB_DEVICE/Target/usbd_conf.o
                0x08018130                HAL_PCD_DisconnectCallback
 .text.USBD_LL_Init
                0x0801814c       0xa0 ./USB_DEVICE/Target/usbd_conf.o
                0x0801814c                USBD_LL_Init
 .text.USBD_LL_Start
                0x080181ec       0x36 ./USB_DEVICE/Target/usbd_conf.o
                0x080181ec                USBD_LL_Start
 .text.USBD_LL_OpenEP
                0x08018222       0x4c ./USB_DEVICE/Target/usbd_conf.o
                0x08018222                USBD_LL_OpenEP
 .text.USBD_LL_CloseEP
                0x0801826e       0x3e ./USB_DEVICE/Target/usbd_conf.o
                0x0801826e                USBD_LL_CloseEP
 .text.USBD_LL_StallEP
                0x080182ac       0x3e ./USB_DEVICE/Target/usbd_conf.o
                0x080182ac                USBD_LL_StallEP
 .text.USBD_LL_ClearStallEP
                0x080182ea       0x3e ./USB_DEVICE/Target/usbd_conf.o
                0x080182ea                USBD_LL_ClearStallEP
 .text.USBD_LL_IsStallEP
                0x08018328       0x58 ./USB_DEVICE/Target/usbd_conf.o
                0x08018328                USBD_LL_IsStallEP
 .text.USBD_LL_SetUSBAddress
                0x08018380       0x3e ./USB_DEVICE/Target/usbd_conf.o
                0x08018380                USBD_LL_SetUSBAddress
 .text.USBD_LL_Transmit
                0x080183be       0x42 ./USB_DEVICE/Target/usbd_conf.o
                0x080183be                USBD_LL_Transmit
 .text.USBD_LL_PrepareReceive
                0x08018400       0x42 ./USB_DEVICE/Target/usbd_conf.o
                0x08018400                USBD_LL_PrepareReceive
 .text.USBD_LL_GetRxDataSize
                0x08018442       0x26 ./USB_DEVICE/Target/usbd_conf.o
                0x08018442                USBD_LL_GetRxDataSize
 .text.USBD_static_malloc
                0x08018468       0x1c ./USB_DEVICE/Target/usbd_conf.o
                0x08018468                USBD_static_malloc
 .text.USBD_static_free
                0x08018484       0x14 ./USB_DEVICE/Target/usbd_conf.o
                0x08018484                USBD_static_free
 .text.USBD_Get_USB_Status
                0x08018498       0x58 ./USB_DEVICE/Target/usbd_conf.o
                0x08018498                USBD_Get_USB_Status
 .text.malloc   0x080184f0       0x10 C:/ST/STM32CubeIDE_1.18.0/STM32CubeIDE/plugins/com.st.stm32cube.ide.mcu.externaltools.gnu-tools-for-stm32.13.3.rel1.win32_1.0.0.202411081344/tools/bin/../lib/gcc/arm-none-eabi/13.3.1/../../../../arm-none-eabi/lib/thumb/v7e-m+dp/hard\libc_nano.a(libc_a-malloc.o)
                0x080184f0                malloc
 .text.sbrk_aligned
                0x08018500       0x44 C:/ST/STM32CubeIDE_1.18.0/STM32CubeIDE/plugins/com.st.stm32cube.ide.mcu.externaltools.gnu-tools-for-stm32.13.3.rel1.win32_1.0.0.202411081344/tools/bin/../lib/gcc/arm-none-eabi/13.3.1/../../../../arm-none-eabi/lib/thumb/v7e-m+dp/hard\libc_nano.a(libc_a-mallocr.o)
 .text._malloc_r
                0x08018544      0x100 C:/ST/STM32CubeIDE_1.18.0/STM32CubeIDE/plugins/com.st.stm32cube.ide.mcu.externaltools.gnu-tools-for-stm32.13.3.rel1.win32_1.0.0.202411081344/tools/bin/../lib/gcc/arm-none-eabi/13.3.1/../../../../arm-none-eabi/lib/thumb/v7e-m+dp/hard\libc_nano.a(libc_a-mallocr.o)
                0x08018544                _malloc_r
 .text.__malloc_lock
                0x08018644        0xc C:/ST/STM32CubeIDE_1.18.0/STM32CubeIDE/plugins/com.st.stm32cube.ide.mcu.externaltools.gnu-tools-for-stm32.13.3.rel1.win32_1.0.0.202411081344/tools/bin/../lib/gcc/arm-none-eabi/13.3.1/../../../../arm-none-eabi/lib/thumb/v7e-m+dp/hard\libc_nano.a(libc_a-mlock.o)
                0x08018644                __malloc_lock
 .text.__malloc_unlock
                0x08018650        0xc C:/ST/STM32CubeIDE_1.18.0/STM32CubeIDE/plugins/com.st.stm32cube.ide.mcu.externaltools.gnu-tools-for-stm32.13.3.rel1.win32_1.0.0.202411081344/tools/bin/../lib/gcc/arm-none-eabi/13.3.1/../../../../arm-none-eabi/lib/thumb/v7e-m+dp/hard\libc_nano.a(libc_a-mlock.o)
                0x08018650                __malloc_unlock
 .text.__cvt    0x0801865c       0xa8 C:/ST/STM32CubeIDE_1.18.0/STM32CubeIDE/plugins/com.st.stm32cube.ide.mcu.externaltools.gnu-tools-for-stm32.13.3.rel1.win32_1.0.0.202411081344/tools/bin/../lib/gcc/arm-none-eabi/13.3.1/../../../../arm-none-eabi/lib/thumb/v7e-m+dp/hard\libc_nano.a(libc_a-nano-vfprintf_float.o)
                0x0801865c                __cvt
 .text.__exponent
                0x08018704       0x74 C:/ST/STM32CubeIDE_1.18.0/STM32CubeIDE/plugins/com.st.stm32cube.ide.mcu.externaltools.gnu-tools-for-stm32.13.3.rel1.win32_1.0.0.202411081344/tools/bin/../lib/gcc/arm-none-eabi/13.3.1/../../../../arm-none-eabi/lib/thumb/v7e-m+dp/hard\libc_nano.a(libc_a-nano-vfprintf_float.o)
                0x08018704                __exponent
 .text._printf_float
                0x08018778      0x434 C:/ST/STM32CubeIDE_1.18.0/STM32CubeIDE/plugins/com.st.stm32cube.ide.mcu.externaltools.gnu-tools-for-stm32.13.3.rel1.win32_1.0.0.202411081344/tools/bin/../lib/gcc/arm-none-eabi/13.3.1/../../../../arm-none-eabi/lib/thumb/v7e-m+dp/hard\libc_nano.a(libc_a-nano-vfprintf_float.o)
                0x08018778                _printf_float
 .text._printf_common
                0x08018bac       0xda C:/ST/STM32CubeIDE_1.18.0/STM32CubeIDE/plugins/com.st.stm32cube.ide.mcu.externaltools.gnu-tools-for-stm32.13.3.rel1.win32_1.0.0.202411081344/tools/bin/../lib/gcc/arm-none-eabi/13.3.1/../../../../arm-none-eabi/lib/thumb/v7e-m+dp/hard\libc_nano.a(libc_a-nano-vfprintf_i.o)
                0x08018bac                _printf_common
 *fill*         0x08018c86        0x2 
 .text._printf_i
                0x08018c88      0x23c C:/ST/STM32CubeIDE_1.18.0/STM32CubeIDE/plugins/com.st.stm32cube.ide.mcu.externaltools.gnu-tools-for-stm32.13.3.rel1.win32_1.0.0.202411081344/tools/bin/../lib/gcc/arm-none-eabi/13.3.1/../../../../arm-none-eabi/lib/thumb/v7e-m+dp/hard\libc_nano.a(libc_a-nano-vfprintf_i.o)
                0x08018c88                _printf_i
 .text.std      0x08018ec4       0x6c C:/ST/STM32CubeIDE_1.18.0/STM32CubeIDE/plugins/com.st.stm32cube.ide.mcu.externaltools.gnu-tools-for-stm32.13.3.rel1.win32_1.0.0.202411081344/tools/bin/../lib/gcc/arm-none-eabi/13.3.1/../../../../arm-none-eabi/lib/thumb/v7e-m+dp/hard\libc_nano.a(libc_a-findfp.o)
 .text.stdio_exit_handler
                0x08018f30       0x18 C:/ST/STM32CubeIDE_1.18.0/STM32CubeIDE/plugins/com.st.stm32cube.ide.mcu.externaltools.gnu-tools-for-stm32.13.3.rel1.win32_1.0.0.202411081344/tools/bin/../lib/gcc/arm-none-eabi/13.3.1/../../../../arm-none-eabi/lib/thumb/v7e-m+dp/hard\libc_nano.a(libc_a-findfp.o)
 .text.cleanup_stdio
                0x08018f48       0x40 C:/ST/STM32CubeIDE_1.18.0/STM32CubeIDE/plugins/com.st.stm32cube.ide.mcu.externaltools.gnu-tools-for-stm32.13.3.rel1.win32_1.0.0.202411081344/tools/bin/../lib/gcc/arm-none-eabi/13.3.1/../../../../arm-none-eabi/lib/thumb/v7e-m+dp/hard\libc_nano.a(libc_a-findfp.o)
 .text.global_stdio_init.part.0
                0x08018f88       0x3c C:/ST/STM32CubeIDE_1.18.0/STM32CubeIDE/plugins/com.st.stm32cube.ide.mcu.externaltools.gnu-tools-for-stm32.13.3.rel1.win32_1.0.0.202411081344/tools/bin/../lib/gcc/arm-none-eabi/13.3.1/../../../../arm-none-eabi/lib/thumb/v7e-m+dp/hard\libc_nano.a(libc_a-findfp.o)
 .text.__sfp_lock_acquire
                0x08018fc4        0xc C:/ST/STM32CubeIDE_1.18.0/STM32CubeIDE/plugins/com.st.stm32cube.ide.mcu.externaltools.gnu-tools-for-stm32.13.3.rel1.win32_1.0.0.202411081344/tools/bin/../lib/gcc/arm-none-eabi/13.3.1/../../../../arm-none-eabi/lib/thumb/v7e-m+dp/hard\libc_nano.a(libc_a-findfp.o)
                0x08018fc4                __sfp_lock_acquire
 .text.__sfp_lock_release
                0x08018fd0        0xc C:/ST/STM32CubeIDE_1.18.0/STM32CubeIDE/plugins/com.st.stm32cube.ide.mcu.externaltools.gnu-tools-for-stm32.13.3.rel1.win32_1.0.0.202411081344/tools/bin/../lib/gcc/arm-none-eabi/13.3.1/../../../../arm-none-eabi/lib/thumb/v7e-m+dp/hard\libc_nano.a(libc_a-findfp.o)
                0x08018fd0                __sfp_lock_release
 .text.__sinit  0x08018fdc       0x30 C:/ST/STM32CubeIDE_1.18.0/STM32CubeIDE/plugins/com.st.stm32cube.ide.mcu.externaltools.gnu-tools-for-stm32.13.3.rel1.win32_1.0.0.202411081344/tools/bin/../lib/gcc/arm-none-eabi/13.3.1/../../../../arm-none-eabi/lib/thumb/v7e-m+dp/hard\libc_nano.a(libc_a-findfp.o)
                0x08018fdc                __sinit
 .text._fwalk_sglue
                0x0801900c       0x3c C:/ST/STM32CubeIDE_1.18.0/STM32CubeIDE/plugins/com.st.stm32cube.ide.mcu.externaltools.gnu-tools-for-stm32.13.3.rel1.win32_1.0.0.202411081344/tools/bin/../lib/gcc/arm-none-eabi/13.3.1/../../../../arm-none-eabi/lib/thumb/v7e-m+dp/hard\libc_nano.a(libc_a-fwalk.o)
                0x0801900c                _fwalk_sglue
 .text.sprintf  0x08019048       0x44 C:/ST/STM32CubeIDE_1.18.0/STM32CubeIDE/plugins/com.st.stm32cube.ide.mcu.externaltools.gnu-tools-for-stm32.13.3.rel1.win32_1.0.0.202411081344/tools/bin/../lib/gcc/arm-none-eabi/13.3.1/../../../../arm-none-eabi/lib/thumb/v7e-m+dp/hard\libc_nano.a(libc_a-sprintf.o)
                0x08019048                siprintf
                0x08019048                sprintf
 .text.__sread  0x0801908c       0x22 C:/ST/STM32CubeIDE_1.18.0/STM32CubeIDE/plugins/com.st.stm32cube.ide.mcu.externaltools.gnu-tools-for-stm32.13.3.rel1.win32_1.0.0.202411081344/tools/bin/../lib/gcc/arm-none-eabi/13.3.1/../../../../arm-none-eabi/lib/thumb/v7e-m+dp/hard\libc_nano.a(libc_a-stdio.o)
                0x0801908c                __sread
 .text.__swrite
                0x080190ae       0x38 C:/ST/STM32CubeIDE_1.18.0/STM32CubeIDE/plugins/com.st.stm32cube.ide.mcu.externaltools.gnu-tools-for-stm32.13.3.rel1.win32_1.0.0.202411081344/tools/bin/../lib/gcc/arm-none-eabi/13.3.1/../../../../arm-none-eabi/lib/thumb/v7e-m+dp/hard\libc_nano.a(libc_a-stdio.o)
                0x080190ae                __swrite
 .text.__sseek  0x080190e6       0x24 C:/ST/STM32CubeIDE_1.18.0/STM32CubeIDE/plugins/com.st.stm32cube.ide.mcu.externaltools.gnu-tools-for-stm32.13.3.rel1.win32_1.0.0.202411081344/tools/bin/../lib/gcc/arm-none-eabi/13.3.1/../../../../arm-none-eabi/lib/thumb/v7e-m+dp/hard\libc_nano.a(libc_a-stdio.o)
                0x080190e6                __sseek
 .text.__sclose
                0x0801910a        0x8 C:/ST/STM32CubeIDE_1.18.0/STM32CubeIDE/plugins/com.st.stm32cube.ide.mcu.externaltools.gnu-tools-for-stm32.13.3.rel1.win32_1.0.0.202411081344/tools/bin/../lib/gcc/arm-none-eabi/13.3.1/../../../../arm-none-eabi/lib/thumb/v7e-m+dp/hard\libc_nano.a(libc_a-stdio.o)
                0x0801910a                __sclose
 .text.memset   0x08019112       0x10 C:/ST/STM32CubeIDE_1.18.0/STM32CubeIDE/plugins/com.st.stm32cube.ide.mcu.externaltools.gnu-tools-for-stm32.13.3.rel1.win32_1.0.0.202411081344/tools/bin/../lib/gcc/arm-none-eabi/13.3.1/../../../../arm-none-eabi/lib/thumb/v7e-m+dp/hard\libc_nano.a(libc_a-memset.o)
                0x08019112                memset
 *fill*         0x08019122        0x2 
 .text._localeconv_r
                0x08019124        0x8 C:/ST/STM32CubeIDE_1.18.0/STM32CubeIDE/plugins/com.st.stm32cube.ide.mcu.externaltools.gnu-tools-for-stm32.13.3.rel1.win32_1.0.0.202411081344/tools/bin/../lib/gcc/arm-none-eabi/13.3.1/../../../../arm-none-eabi/lib/thumb/v7e-m+dp/hard\libc_nano.a(libc_a-localeconv.o)
                0x08019124                _localeconv_r
 .text._close_r
                0x0801912c       0x20 C:/ST/STM32CubeIDE_1.18.0/STM32CubeIDE/plugins/com.st.stm32cube.ide.mcu.externaltools.gnu-tools-for-stm32.13.3.rel1.win32_1.0.0.202411081344/tools/bin/../lib/gcc/arm-none-eabi/13.3.1/../../../../arm-none-eabi/lib/thumb/v7e-m+dp/hard\libc_nano.a(libc_a-closer.o)
                0x0801912c                _close_r
 .text._lseek_r
                0x0801914c       0x24 C:/ST/STM32CubeIDE_1.18.0/STM32CubeIDE/plugins/com.st.stm32cube.ide.mcu.externaltools.gnu-tools-for-stm32.13.3.rel1.win32_1.0.0.202411081344/tools/bin/../lib/gcc/arm-none-eabi/13.3.1/../../../../arm-none-eabi/lib/thumb/v7e-m+dp/hard\libc_nano.a(libc_a-lseekr.o)
                0x0801914c                _lseek_r