../Drivers/CMSIS/Include/core_cm7.h:2156:34:__NVIC_SystemReset	4	static,ignoring_inline_asm
../Core/Src/main.c:221:5:main	16	static
../Core/Src/main.c:422:6:SystemClock_Config	120	static
../Core/Src/main.c:481:13:MX_DCMI_Init	8	static
../Core/Src/main.c:518:13:MX_I2C2_Init	8	static
../Core/Src/main.c:566:13:MX_JPEG_Init	8	static
../Core/Src/main.c:592:13:MX_SPI2_Init	8	static
../Core/Src/main.c:640:13:MX_TIM1_Init	96	static
../Core/Src/main.c:709:13:MX_TIM2_Init	48	static
../Core/Src/main.c:766:13:MX_TIM3_Init	48	static
../Core/Src/main.c:819:13:MX_TIM4_Init	48	static
../Core/Src/main.c:872:13:MX_TIM5_Init	40	static
../Core/Src/main.c:917:13:MX_TIM14_Init	40	static
../Core/Src/main.c:963:13:MX_USART1_UART_Init	8	static
../Core/Src/main.c:1010:13:MX_DMA_Init	16	static
../Core/Src/main.c:1030:13:MX_MDMA_Init	16	static
../Core/Src/main.c:1049:13:MX_GPIO_Init	56	static
../Core/Src/main.c:1108:6:NetworkTimeout	8	static
../Core/Src/main.c:1125:6:SCH_XBeeRX	24	static
../Core/Src/main.c:1177:6:SCH_XBeeTX	16	static
../Core/Src/main.c:1233:6:SCH_CTRL	32	static
../Core/Src/main.c:1301:6:SCH_PowerMon	8	static
../Core/Src/main.c:1313:6:SCH_Camera	16	static
../Core/Src/main.c:1331:6:SCH_JPEG	16	static
../Core/Src/main.c:1350:6:SCH_DEBUG	32	static
../Core/Src/main.c:1378:6:HAL_DCMI_VsyncEventCallback	16	static
../Core/Src/main.c:1395:6:HAL_UART_RxCpltCallback	16	static
../Core/Src/main.c:1400:6:HAL_JPEG_GetDataCallback	16	static
../Core/Src/main.c:1418:6:HAL_JPEG_DataReadyCallback	24	static
../Core/Src/main.c:1426:6:HAL_JPEG_EncodeCpltCallback	16	static
../Core/Src/main.c:1434:6:HAL_JPEG_ErrorCallback	16	static
../Core/Src/main.c:1444:6:delay_ms_blocking	24	static,ignoring_inline_asm
../Core/Src/main.c:1456:6:SafeState	8	static,ignoring_inline_asm
../Core/Src/main.c:1471:10:DeltaTime	24	static
../Core/Src/main.c:1482:6:WriteDebug	16	static
../Core/Src/main.c:1486:19:CAM_GetRegister	128	static
../Core/Src/main.c:1523:19:CAM_SetRegister	136	static
../Core/Src/main.c:1580:9:GenerateJPEGMCUBlock	32	static
../Core/Src/main.c:1612:6:MPU_Config	24	static
../Core/Src/main.c:1643:6:Error_Handler	4	static,ignoring_inline_asm
