../Drivers/CMSIS/Include/core_cm7.h:2156:34:__NVIC_SystemReset	4	static,ignoring_inline_asm
../Core/Src/main.c:320:5:main	16	static
../Core/Src/main.c:517:6:SystemClock_Config	120	static
../Core/Src/main.c:575:6:PeriphCommonClock_Config	200	static
../Core/Src/main.c:602:13:MX_ADC1_Init	48	static
../Core/Src/main.c:680:13:MX_I2C1_Init	8	static
../Core/Src/main.c:728:13:MX_I2C2_Init	8	static
../Core/Src/main.c:776:13:MX_JPEG_Init	8	static
../Core/Src/main.c:802:13:MX_SPI4_Init	8	static
../Core/Src/main.c:850:13:MX_TIM5_Init	40	static
../Core/Src/main.c:895:13:MX_USART1_UART_Init	8	static
../Core/Src/main.c:942:13:MX_DMA_Init	16	static
../Core/Src/main.c:971:13:MX_MDMA_Init	16	static
../Core/Src/main.c:990:13:MX_GPIO_Init	48	static
../Core/Src/main.c:1050:6:NetworkTimeout	8	static
../Core/Src/main.c:1064:6:ParsePacket_JPEG_IMAGE	32	static
../Core/Src/main.c:1094:6:ParsePacket_JPEG_HEADER	24	static
../Core/Src/main.c:1108:6:SCH_XBeeRX	16	static
../Core/Src/main.c:1146:6:SCH_XBeeTX	16	static
../Core/Src/main.c:1166:6:SCH_PowerMon	16	static
../Core/Src/main.c:1189:6:SCH_ImageDecode	40	static
../Core/Src/main.c:1253:6:SCH_OLEDUpdate	16	static
../Core/Src/main.c:1277:6:SCH_LCDUpdate	8	static
../Core/Src/main.c:1285:6:SCH_GetInputs	24	static
../Core/Src/main.c:1324:10:DeltaTime	24	static
../Core/Src/main.c:1334:9:GetState	16	static
../Core/Src/main.c:1342:6:HAL_UART_RxCpltCallback	24	static
../Core/Src/main.c:1352:6:HAL_JPEG_DecodeCpltCallback	16	static
../Core/Src/main.c:1360:6:HAL_JPEG_ErrorCallback	16	static
../Core/Src/main.c:1365:6:HAL_JPEG_DataReadyCallback	24	static
../Core/Src/main.c:1377:6:HAL_SPI_TxCpltCallback	16	static
../Core/Src/main.c:1382:6:HAL_ADC_ConvCpltCallback	24	static
../Core/Src/main.c:1410:6:Draw_Slider	80	static
../Core/Src/main.c:1519:6:WriteDebug	16	static
../Core/Src/main.c:1532:6:MPU_Config	24	static
../Core/Src/main.c:1563:6:Error_Handler	4	static,ignoring_inline_asm
