../Drivers/CMSIS/Include/core_cm7.h:2156:34:__NVIC_SystemReset	4	static,ignoring_inline_asm
../Core/Src/stm32h7xx_it.c:82:6:NMI_Handler	4	static
../Core/Src/stm32h7xx_it.c:97:6:HardFault_Handler	8	static
../Core/Src/stm32h7xx_it.c:115:6:MemManage_Handler	4	static
../Core/Src/stm32h7xx_it.c:130:6:BusFault_Handler	4	static
../Core/Src/stm32h7xx_it.c:145:6:UsageFault_Handler	4	static
../Core/Src/stm32h7xx_it.c:160:6:SVC_Handler	4	static
../Core/Src/stm32h7xx_it.c:173:6:DebugMon_Handler	4	static
../Core/Src/stm32h7xx_it.c:186:6:PendSV_Handler	4	static
../Core/Src/stm32h7xx_it.c:199:6:SysTick_Handler	8	static
../Core/Src/stm32h7xx_it.c:220:6:DMA1_Stream0_IRQHandler	8	static
../Core/Src/stm32h7xx_it.c:234:6:DMA1_Stream1_IRQHandler	8	static
../Core/Src/stm32h7xx_it.c:248:6:DMA1_Stream2_IRQHandler	8	static
../Core/Src/stm32h7xx_it.c:262:6:DMA1_Stream3_IRQHandler	8	static
../Core/Src/stm32h7xx_it.c:276:6:I2C1_EV_IRQHandler	8	static
../Core/Src/stm32h7xx_it.c:290:6:I2C1_ER_IRQHandler	8	static
../Core/Src/stm32h7xx_it.c:304:6:I2C2_EV_IRQHandler	8	static
../Core/Src/stm32h7xx_it.c:318:6:I2C2_ER_IRQHandler	8	static
../Core/Src/stm32h7xx_it.c:332:6:USART1_IRQHandler	8	static
../Core/Src/stm32h7xx_it.c:346:6:TIM5_IRQHandler	8	static
../Core/Src/stm32h7xx_it.c:360:6:DMA2_Stream0_IRQHandler	8	static
../Core/Src/stm32h7xx_it.c:374:6:SPI4_IRQHandler	8	static
../Core/Src/stm32h7xx_it.c:388:6:OTG_FS_IRQHandler	8	static
../Core/Src/stm32h7xx_it.c:402:6:JPEG_IRQHandler	8	static
../Core/Src/stm32h7xx_it.c:416:6:MDMA_IRQHandler	8	static
